MemTotal:         506184 kB
MemFree:          129260 kB
Buffers:           10728 kB
Cached:           124392 kB
SwapCached:            0 kB
Active:           215872 kB
Inactive:         117008 kB
Active(anon):     199552 kB
Inactive(anon):     4328 kB
Active(file):      16320 kB
Inactive(file):   112680 kB
Unevictable:          32 kB
Mlocked:              32 kB
HighTotal:             0 kB
HighFree:              0 kB
LowTotal:         506184 kB
LowFree:          129260 kB
SwapTotal:             0 kB
SwapFree:              0 kB
Dirty:               116 kB
Writeback:             0 kB
AnonPages:        198172 kB
Mapped:            12776 kB
Shmem:              5964 kB
Slab:              17808 kB
SReclaimable:       6764 kB
SUnreclaim:        11044 kB
KernelStack:        1776 kB
PageTables:         3608 kB
NFS_Unstable:          0 kB
Bounce:                0 kB
WritebackTmp:          0 kB
CommitLimit:      253092 kB
Committed_AS:    1326668 kB
VmallocTotal:     499712 kB
VmallocUsed:       17372 kB
VmallocChunk:     241260 kB
