MemTotal:         949448 kB
MemFree:          679056 kB
MemAvailable:     817032 kB
Buffers:           26840 kB
Cached:           159236 kB
SwapCached:         1396 kB
Active:           112096 kB
Inactive:         116992 kB
Active(anon):       6624 kB
Inactive(anon):    44480 kB
Active(file):     105472 kB
Inactive(file):    72512 kB
Unevictable:           0 kB
Mlocked:               0 kB
SwapTotal:        102396 kB
SwapFree:           2088 kB
Dirty:               160 kB
Writeback:             0 kB
AnonPages:         41616 kB
Mapped:            44372 kB
Shmem:              8084 kB
Slab:              24620 kB
SReclaimable:      10076 kB
SUnreclaim:        14544 kB
KernelStack:        1760 kB
PageTables:         3344 kB
NFS_Unstable:          0 kB
Bounce:                0 kB
WritebackTmp:          0 kB
CommitLimit:      577120 kB
Committed_AS:    1195244 kB
VmallocTotal:    1114112 kB
VmallocUsed:           0 kB
VmallocChunk:          0 kB
CmaTotal:           8192 kB
CmaFree:            6788 kB
