MemTotal:        3950696 kB
MemFree:         1283696 kB
MemAvailable:    3253960 kB
Buffers:            8648 kB
Cached:          1942404 kB
SwapCached:            0 kB
Active:          1459680 kB
Inactive:         927312 kB
Active(anon):     453252 kB
Inactive(anon):    12068 kB
Active(file):    1006428 kB
Inactive(file):   915244 kB
Unevictable:           0 kB
Mlocked:               0 kB
SwapTotal:             0 kB
SwapFree:              0 kB
Dirty:                76 kB
Writeback:             0 kB
AnonPages:        436056 kB
Mapped:            70992 kB
Shmem:             29264 kB
Slab:             170888 kB
SReclaimable:     138704 kB
SUnreclaim:        32184 kB
KernelStack:        7328 kB
PageTables:         9968 kB
NFS_Unstable:          0 kB
Bounce:                0 kB
WritebackTmp:          0 kB
CommitLimit:     1975348 kB
Committed_AS:    3762816 kB
VmallocTotal:   258867136 kB
VmallocUsed:           0 kB
VmallocChunk:          0 kB
AnonHugePages:    215040 kB
HugePages_Total:       0
HugePages_Free:        0
HugePages_Rsvd:        0
HugePages_Surp:        0
Hugepagesize:       2048 kB
