MemTotal:        2023768 kB
MemFree:          215436 kB
MemAvailable:    1554064 kB
Buffers:           78536 kB
Cached:          1313088 kB
SwapCached:          432 kB
Active:           559348 kB
Inactive:        1083280 kB
Active(anon):       9372 kB
Inactive(anon):   247996 kB
Active(file):     549976 kB
Inactive(file):   835284 kB
Unevictable:          64 kB
Mlocked:              64 kB
SwapTotal:       1011872 kB
SwapFree:         860576 kB
Dirty:               128 kB
Writeback:             0 kB
AnonPages:        250960 kB
Mapped:            28744 kB
Shmem:              6180 kB
Slab:              60948 kB
SReclaimable:      30512 kB
SUnreclaim:        30436 kB
KernelStack:        4256 kB
PageTables:         6036 kB
NFS_Unstable:          0 kB
Bounce:                0 kB
WritebackTmp:          0 kB
CommitLimit:     2023756 kB
Committed_AS:    1597520 kB
VmallocTotal:   135290290112 kB
VmallocUsed:           0 kB
VmallocChunk:          0 kB
Percpu:              560 kB
AnonHugePages:    155648 kB
ShmemHugePages:        0 kB
ShmemPmdMapped:        0 kB
CmaTotal:         192512 kB
CmaFree:           20640 kB
HugePages_Total:       0
HugePages_Free:        0
HugePages_Rsvd:        0
HugePages_Surp:        0
Hugepagesize:       2048 kB
Hugetlb:               0 kB
