Booting Linux on physical CPU 0x500
Linux version 4.19.16-rockchip (root@nightly) (gcc version 7.2.1 20171011 (Linaro GCC 7.2-2017.11)) #5.72 SMP PREEMPT Thu Jan 17 09:56:02 CET 2019
CPU: ARMv7 Processor [410fc0d1] revision 1 (ARMv7), cr=10c5387d
CPU: div instructions available: patching division code
CPU: PIPT / VIPT nonaliasing data cache, VIPT aliasing instruction cache
OF: fdt: Machine model: Rockchip RK3288 Tinker Board
Memory policy: Data cache writealloc
On node 0 totalpages: 524288
  Normal zone: 1728 pages used for memmap
  Normal zone: 0 pages reserved
  Normal zone: 196608 pages, LIFO batch:63
  HighMem zone: 327680 pages, LIFO batch:63
random: get_random_bytes called from start_kernel+0xac/0x4b4 with crng_init=0
percpu: Embedded 18 pages/cpu @(ptrval) s42776 r8192 d22760 u73728
pcpu-alloc: s42776 r8192 d22760 u73728 alloc=18*4096
pcpu-alloc: [0] 0 [0] 1 [0] 2 [0] 3 
Built 1 zonelists, mobility grouping on.  Total pages: 522560
Kernel command line: earlyprintk root=UUID=5120b818-fd15-456d-b86f-f2ca05ed4d1e rootwait rootfstype=ext4 console=ttyS2,115200n8 console=tty1 panic=10 consoleblank=0 loglevel=1 ubootpart=82dd7c4b-01 usb-storage.quirks=0x2537:0x1066:u,0x2537:0x1068:u   cgroup_enable=cpuset cgroup_memory=1 cgroup_enable=memory swapaccount=1
Dentry cache hash table entries: 131072 (order: 7, 524288 bytes)
Inode-cache hash table entries: 65536 (order: 6, 262144 bytes)
allocated 2097152 bytes of page_ext
Memory: 2041936K/2097152K available (14336K kernel code, 1033K rwdata, 3056K rodata, 1024K init, 4701K bss, 55216K reserved, 0K cma-reserved, 1310720K highmem)
Virtual kernel memory layout:
                   vector  : 0xffff0000 - 0xffff1000   (   4 kB)
                   fixmap  : 0xffc00000 - 0xfff00000   (3072 kB)
                   vmalloc : 0xf0800000 - 0xff800000   ( 240 MB)
                   lowmem  : 0xc0000000 - 0xf0000000   ( 768 MB)
                   pkmap   : 0xbfe00000 - 0xc0000000   (   2 MB)
                   modules : 0xbf000000 - 0xbfe00000   (  14 MB)
                     .text : 0x(ptrval) - 0x(ptrval)   (15328 kB)
                     .init : 0x(ptrval) - 0x(ptrval)   (1024 kB)
                     .data : 0x(ptrval) - 0x(ptrval)   (1034 kB)
                      .bss : 0x(ptrval) - 0x(ptrval)   (4702 kB)
SLUB: HWalign=64, Order=0-3, MinObjects=0, CPUs=4, Nodes=1
ftrace: allocating 44975 entries in 132 pages
rcu: Preemptible hierarchical RCU implementation.
	Tasks RCU enabled.
NR_IRQS: 16, nr_irqs: 16, preallocated irqs: 16
rockchip_mmc_get_phase: invalid clk rate
rockchip_mmc_get_phase: invalid clk rate
rockchip_mmc_get_phase: invalid clk rate
rockchip_mmc_get_phase: invalid clk rate
rockchip_mmc_get_phase: invalid clk rate
rockchip_mmc_get_phase: invalid clk rate
rockchip_mmc_get_phase: invalid clk rate
rockchip_mmc_get_phase: invalid clk rate
arch_timer: cp15 timer(s) running at 24.00MHz (phys).
clocksource: arch_sys_counter: mask: 0xffffffffffffff max_cycles: 0x588fe9dc0, max_idle_ns: 440795202592 ns
sched_clock: 56 bits at 24MHz, resolution 41ns, wraps every 4398046511097ns
Switching to timer-based delay loop, resolution 41ns
Console: colour dummy device 80x30
console [tty1] enabled
Calibrating delay loop (skipped), value calculated using timer frequency.. 48.00 BogoMIPS (lpj=96000)
pid_max: default: 32768 minimum: 301
Security Framework initialized
Yama: becoming mindful.
Mount-cache hash table entries: 2048 (order: 1, 8192 bytes)
Mountpoint-cache hash table entries: 2048 (order: 1, 8192 bytes)
CPU: Testing write buffer coherency: ok
CPU0: Spectre v2: using BPIALL workaround
CPU0: thread -1, cpu 0, socket 5, mpidr 80000500
Setting up static identity map for 0x100000 - 0x100060
rcu: Hierarchical SRCU implementation.
smp: Bringing up secondary CPUs ...
CPU1: thread -1, cpu 1, socket 5, mpidr 80000501
CPU1: Spectre v2: using BPIALL workaround
CPU2: thread -1, cpu 2, socket 5, mpidr 80000502
CPU2: Spectre v2: using BPIALL workaround
CPU3: thread -1, cpu 3, socket 5, mpidr 80000503
CPU3: Spectre v2: using BPIALL workaround
smp: Brought up 1 node, 4 CPUs
SMP: Total of 4 processors activated (192.00 BogoMIPS).
CPU: All CPU(s) started in SVC mode.
devtmpfs: initialized
VFP support v0.3: implementor 41 architecture 3 part 30 variant d rev 0
clocksource: jiffies: mask: 0xffffffff max_cycles: 0xffffffff, max_idle_ns: 7645041785100000 ns
futex hash table entries: 1024 (order: 4, 65536 bytes)
xor: measuring software checksum speed
   arm4regs  :  1042.000 MB/sec
   8regs     :   803.000 MB/sec
   32regs    :   800.000 MB/sec
xor: using function: arm4regs (1042.000 MB/sec)
pinctrl core: initialized pinctrl subsystem
NET: Registered protocol family 16
DMA: preallocated 2048 KiB pool for atomic coherent allocations
audit: initializing netlink subsys (disabled)
audit: type=2000 audit(0.292:1): state=initialized audit_enabled=0 res=1
cpuidle: using governor ladder
cpuidle: using governor menu
hw-breakpoint: found 5 (+1 reserved) breakpoint and 4 watchpoint registers.
hw-breakpoint: maximum watchpoint size is 4 bytes.
gpio gpiochip0: (gpio0): added GPIO chardev (254:0)
gpiochip_setup_dev: registered GPIOs 0 to 23 on device: gpiochip0 (gpio0)
gpio gpiochip1: (gpio1): added GPIO chardev (254:1)
gpiochip_setup_dev: registered GPIOs 24 to 55 on device: gpiochip1 (gpio1)
gpio gpiochip2: (gpio2): added GPIO chardev (254:2)
gpiochip_setup_dev: registered GPIOs 56 to 87 on device: gpiochip2 (gpio2)
gpio gpiochip3: (gpio3): added GPIO chardev (254:3)
gpiochip_setup_dev: registered GPIOs 88 to 119 on device: gpiochip3 (gpio3)
gpio gpiochip4: (gpio4): added GPIO chardev (254:4)
gpiochip_setup_dev: registered GPIOs 120 to 151 on device: gpiochip4 (gpio4)
gpio gpiochip5: (gpio5): added GPIO chardev (254:5)
gpiochip_setup_dev: registered GPIOs 152 to 183 on device: gpiochip5 (gpio5)
gpio gpiochip6: (gpio6): added GPIO chardev (254:6)
gpiochip_setup_dev: registered GPIOs 184 to 215 on device: gpiochip6 (gpio6)
gpio gpiochip7: (gpio7): added GPIO chardev (254:7)
gpiochip_setup_dev: registered GPIOs 216 to 247 on device: gpiochip7 (gpio7)
gpio gpiochip8: (gpio8): added GPIO chardev (254:8)
gpiochip_setup_dev: registered GPIOs 248 to 263 on device: gpiochip8 (gpio8)
raid6: int32x1  gen()    83 MB/s
raid6: int32x1  xor()    78 MB/s
raid6: int32x2  gen()    93 MB/s
raid6: int32x2  xor()    98 MB/s
raid6: int32x4  gen()   157 MB/s
raid6: int32x4  xor()   122 MB/s
raid6: int32x8  gen()   198 MB/s
raid6: int32x8  xor()   125 MB/s
raid6: using algorithm int32x8 gen() 198 MB/s
raid6: .... xor() 125 MB/s, rmw enabled
raid6: using intx1 recovery algorithm
of_get_named_gpiod_flags: can't parse 'gpio' property of node '/vsys-regulator[0]'
of_get_named_gpiod_flags: parsed 'gpio' property of node '/sdmmc-regulator[0]' - status (0)
SCSI subsystem initialized
usbcore: registered new interface driver usbfs
usbcore: registered new interface driver hub
usbcore: registered new device driver usb
media: Linux media interface: v0.10
videodev: Linux video capture interface: v2.00
pps_core: LinuxPPS API ver. 1 registered
pps_core: Software ver. 5.3.6 - Copyright 2005-2007 Rodolfo Giometti <giometti@linux.it>
PTP clock support registered
Advanced Linux Sound Architecture Driver Initialized.
Bluetooth: Core ver 2.22
NET: Registered protocol family 31
Bluetooth: HCI device and connection manager initialized
Bluetooth: HCI socket layer initialized
Bluetooth: L2CAP socket layer initialized
Bluetooth: SCO socket layer initialized
NetLabel: Initializing
NetLabel:  domain hash size = 128
NetLabel:  protocols = UNLABELED CIPSOv4 CALIPSO
NetLabel:  unlabeled traffic allowed by default
clocksource: Switched to clocksource arch_sys_counter
VFS: Disk quotas dquot_6.6.0
VFS: Dquot-cache hash table entries: 1024 (order 0, 4096 bytes)
FS-Cache: Loaded
CacheFiles: Loaded
NET: Registered protocol family 2
tcp_listen_portaddr_hash hash table entries: 512 (order: 1, 12288 bytes)
TCP established hash table entries: 8192 (order: 3, 32768 bytes)
TCP bind hash table entries: 8192 (order: 5, 163840 bytes)
TCP: Hash tables configured (established 8192 bind 8192)
UDP hash table entries: 512 (order: 2, 24576 bytes)
UDP-Lite hash table entries: 512 (order: 2, 24576 bytes)
NET: Registered protocol family 1
RPC: Registered named UNIX socket transport module.
RPC: Registered udp transport module.
RPC: Registered tcp transport module.
RPC: Registered tcp NFSv4.1 backchannel transport module.
Trying to unpack rootfs image as initramfs...
Freeing initrd memory: 7780K
hw perfevents: enabled with armv7_cortex_a12 PMU driver, 7 counters available
Initialise system trusted keyrings
workingset: timestamp_bits=14 max_order=19 bucket_order=5
zbud: loaded
FS-Cache: Netfs 'nfs' registered for caching
NFS: Registering the id_resolver key type
Key type id_resolver registered
Key type id_legacy registered
nfs4filelayout_init: NFSv4 File Layout Driver Registering...
SGI XFS with security attributes, scrub, no debug enabled
pstore: using deflate compression
async_tx: api initialized (async)
Key type asymmetric registered
Asymmetric key parser 'x509' registered
bounce: pool size: 64 pages
Block layer SCSI generic (bsg) driver version 0.4 loaded (major 243)
io scheduler noop registered
io scheduler deadline registered
io scheduler cfq registered (default)
io scheduler mq-deadline registered
io scheduler kyber registered
dma-pl330 ff250000.dma-controller: Loaded driver for PL330 DMAC-241330
dma-pl330 ff250000.dma-controller: 	DBUFF-128x8bytes Num_Chans-8 Num_Peri-20 Num_Events-16
dma-pl330 ffb20000.dma-controller: Loaded driver for PL330 DMAC-241330
dma-pl330 ffb20000.dma-controller: 	DBUFF-64x8bytes Num_Chans-5 Num_Peri-6 Num_Events-10
console [ttyS2] enabled
iommu: Adding device ff930000.vop to group 0
rockchip-vop ff930000.vop: Linked as a consumer to ff930300.iommu
iommu: Adding device ff940000.vop to group 1
rockchip-vop ff940000.vop: Linked as a consumer to ff940300.iommu
rockchip-drm display-subsystem: Linked as a consumer to ff930000.vop
rockchip-drm display-subsystem: Linked as a consumer to ff940000.vop
rockchip-drm display-subsystem: Linked as a consumer to ff980000.hdmi
rockchip-drm display-subsystem: bound ff930000.vop (ops 0xc0f6d098)
rockchip-drm display-subsystem: bound ff940000.vop (ops 0xc0f6d098)
rockchip-drm display-subsystem: failed to bind ff980000.hdmi (ops 0xc0f6e728): -517
rockchip-drm display-subsystem: master bind failed: -517
usbcore: registered new interface driver udl
brd: module loaded
loop: module loaded
mdio_bus fixed-0: GPIO lookup for consumer reset
mdio_bus fixed-0: using lookup tables for GPIO lookup
mdio_bus fixed-0: No GPIO consumer reset found
libphy: Fixed MDIO Bus: probed
tun: Universal TUN/TAP device driver, 1.6
CAN device driver interface
rk_gmac-dwmac ff290000.ethernet: PTP uses main clock
rk_gmac-dwmac ff290000.ethernet: phy regulator is not available yet, deferred probing
usbcore: registered new interface driver rt2500usb
usbcore: registered new interface driver rt73usb
usbcore: registered new interface driver rt2800usb
usbcore: registered new interface driver rtl8xxxu
usbcore: registered new interface driver rndis_wlan
usbcore: registered new interface driver cdc_ether
usbcore: registered new interface driver rndis_host
usbcore: registered new interface driver cdc_ncm
dwc2 ff540000.usb: ff540000.usb supply vusb_d not found, using dummy regulator
dwc2 ff540000.usb: Linked as a consumer to regulator.0
dwc2 ff540000.usb: ff540000.usb supply vusb_a not found, using dummy regulator
dwc2 ff540000.usb: DWC OTG Controller
dwc2 ff540000.usb: new USB bus registered, assigned bus number 1
dwc2 ff540000.usb: irq 46, io mem 0xff540000
usb usb1: New USB device found, idVendor=1d6b, idProduct=0002, bcdDevice= 4.19
usb usb1: New USB device strings: Mfr=3, Product=2, SerialNumber=1
usb usb1: Product: DWC OTG Controller
usb usb1: Manufacturer: Linux 4.19.16-rockchip dwc2_hsotg
usb usb1: SerialNumber: ff540000.usb
hub 1-0:1.0: USB hub found
hub 1-0:1.0: 1 port detected
dwc2 ff580000.usb: ff580000.usb supply vusb_d not found, using dummy regulator
dwc2 ff580000.usb: Linked as a consumer to regulator.0
dwc2 ff580000.usb: ff580000.usb supply vusb_a not found, using dummy regulator
dwc2 ff580000.usb: EPs: 10, dedicated fifos, 972 entries in SPRAM
dwc2 ff580000.usb: DWC OTG Controller
dwc2 ff580000.usb: new USB bus registered, assigned bus number 2
dwc2 ff580000.usb: irq 47, io mem 0xff580000
usb usb2: New USB device found, idVendor=1d6b, idProduct=0002, bcdDevice= 4.19
usb usb2: New USB device strings: Mfr=3, Product=2, SerialNumber=1
usb usb2: Product: DWC OTG Controller
usb usb2: Manufacturer: Linux 4.19.16-rockchip dwc2_hsotg
usb usb2: SerialNumber: ff580000.usb
hub 2-0:1.0: USB hub found
hub 2-0:1.0: 1 port detected
ehci_hcd: USB 2.0 'Enhanced' Host Controller (EHCI) Driver
ehci-platform: EHCI generic platform driver
ehci-platform ff500000.usb: EHCI Host Controller
ehci-platform ff500000.usb: new USB bus registered, assigned bus number 3
ehci-platform ff500000.usb: irq 45, io mem 0xff500000
ehci-platform ff500000.usb: USB 2.0 started, EHCI 1.00
usb usb3: New USB device found, idVendor=1d6b, idProduct=0002, bcdDevice= 4.19
usb usb3: New USB device strings: Mfr=3, Product=2, SerialNumber=1
usb usb3: Product: EHCI Host Controller
usb usb3: Manufacturer: Linux 4.19.16-rockchip ehci_hcd
usb usb3: SerialNumber: ff500000.usb
hub 3-0:1.0: USB hub found
hub 3-0:1.0: 1 port detected
usbcore: registered new interface driver usb-storage
usbcore: registered new interface driver usbserial_generic
usbcore: registered new interface driver keyspan
usbcore: registered new interface driver option
usbcore: registered new interface driver oti6858
usbcore: registered new interface driver qcserial
usbcore: registered new interface driver sierra
usbcore: registered new interface driver iforce
usbcore: registered new interface driver xpad
usbcore: registered new interface driver usbtouchscreen
i2c /dev entries driver
rk808 0-001b: chip id: 0x0
rk808 0-001b: GPIO lookup for consumer dvs
rk808 0-001b: using device tree for GPIO lookup
of_get_named_gpiod_flags: parsed 'dvs-gpios' property of node '/i2c@ff650000/pmic@1b[0]' - status (0)
gpio gpiochip0: Persistence not supported for GPIO 11
rk808 0-001b: GPIO lookup for consumer dvs
rk808 0-001b: using device tree for GPIO lookup
of_get_named_gpiod_flags: parsed 'dvs-gpios' property of node '/i2c@ff650000/pmic@1b[1]' - status (0)
gpio gpiochip0: Persistence not supported for GPIO 12
DCDC_REG1: supplied by vcc_sys
DCDC_REG2: supplied by vcc_sys
DCDC_REG3: supplied by vcc_sys
DCDC_REG4: supplied by vcc_sys
LDO_REG1: supplied by vcc_sys
LDO_REG2: supplied by vcc_sys
LDO_REG3: supplied by vcc_sys
LDO_REG4: supplied by vcc_io
LDO_REG5: supplied by vcc_io
LDO_REG6: supplied by vcc_io
vdd10_lcd: Bringing 800000uV into 1000000-1000000uV
LDO_REG7: supplied by vcc_sys
LDO_REG8: supplied by vcc_sys
SWITCH_REG1: supplied by vcc_io
SWITCH_REG2: supplied by vcc_io
rk808-rtc rk808-rtc: registered as rtc0
rockchip-iodomain ff770000.syscon:io-domains: Linked as a consumer to regulator.13
rockchip-iodomain ff770000.syscon:io-domains: Linked as a consumer to regulator.11
device-mapper: ioctl: 4.39.0-ioctl (2018-04-03) initialised: dm-devel@redhat.com
device-mapper: raid: Loading target version 1.14.0
Bluetooth: HCI UART driver ver 2.3
Bluetooth: HCI UART protocol H4 registered
Bluetooth: HCI UART protocol ATH3K registered
Bluetooth: HCI UART protocol Three-wire (H5) registered
usbcore: registered new interface driver bfusb
usbcore: registered new interface driver btusb
Bluetooth: Generic Bluetooth SDIO driver ver 0.1
pwrseq_simple sdio-pwrseq: GPIO lookup for consumer reset
pwrseq_simple sdio-pwrseq: using device tree for GPIO lookup
of_get_named_gpiod_flags: parsed 'reset-gpios' property of node '/sdio-pwrseq[0]' - status (0)
gpio gpiochip4: Persistence not supported for GPIO 28
pwrseq_simple sdio-pwrseq: GPIO lookup for consumer reset
pwrseq_simple sdio-pwrseq: using device tree for GPIO lookup
of_get_named_gpiod_flags: parsed 'reset-gpios' property of node '/sdio-pwrseq[1]' - status (0)
gpio gpiochip4: Persistence not supported for GPIO 27
sdhci: Secure Digital Host Controller Interface driver
sdhci: Copyright(c) Pierre Ossman
Synopsys Designware Multimedia Card Interface Driver
dwmmc_rockchip ff0c0000.dwmmc: IDMAC supports 32-bit address mode.
dwmmc_rockchip ff0c0000.dwmmc: Using internal DMA controller.
dwmmc_rockchip ff0c0000.dwmmc: Version ID is 270a
dwmmc_rockchip ff0c0000.dwmmc: DW MMC controller at irq 30,32 bit host data width,256 deep fifo
dwmmc_rockchip ff0c0000.dwmmc: Linked as a consumer to regulator.15
dwmmc_rockchip ff0c0000.dwmmc: Linked as a consumer to regulator.11
dwmmc_rockchip ff0c0000.dwmmc: GPIO lookup for consumer cd
dwmmc_rockchip ff0c0000.dwmmc: using device tree for GPIO lookup
of_get_named_gpiod_flags: can't parse 'cd-gpios' property of node '/dwmmc@ff0c0000[0]'
of_get_named_gpiod_flags: can't parse 'cd-gpio' property of node '/dwmmc@ff0c0000[0]'
dwmmc_rockchip ff0c0000.dwmmc: using lookup tables for GPIO lookup
dwmmc_rockchip ff0c0000.dwmmc: No GPIO consumer cd found
dwmmc_rockchip ff0c0000.dwmmc: GPIO lookup for consumer wp
dwmmc_rockchip ff0c0000.dwmmc: using device tree for GPIO lookup
of_get_named_gpiod_flags: can't parse 'wp-gpios' property of node '/dwmmc@ff0c0000[0]'
of_get_named_gpiod_flags: can't parse 'wp-gpio' property of node '/dwmmc@ff0c0000[0]'
dwmmc_rockchip ff0c0000.dwmmc: using lookup tables for GPIO lookup
dwmmc_rockchip ff0c0000.dwmmc: No GPIO consumer wp found
mmc_host mmc0: Bus speed (slot 0) = 400000Hz (slot req 400000Hz, actual 400000HZ div = 0)
dwmmc_rockchip ff0d0000.dwmmc: IDMAC supports 32-bit address mode.
dwmmc_rockchip ff0d0000.dwmmc: Using internal DMA controller.
dwmmc_rockchip ff0d0000.dwmmc: Version ID is 270a
dwmmc_rockchip ff0d0000.dwmmc: DW MMC controller at irq 31,32 bit host data width,256 deep fifo
dwmmc_rockchip ff0d0000.dwmmc: GPIO lookup for consumer wp
dwmmc_rockchip ff0d0000.dwmmc: using device tree for GPIO lookup
of_get_named_gpiod_flags: can't parse 'wp-gpios' property of node '/dwmmc@ff0d0000[0]'
of_get_named_gpiod_flags: can't parse 'wp-gpio' property of node '/dwmmc@ff0d0000[0]'
dwmmc_rockchip ff0d0000.dwmmc: using lookup tables for GPIO lookup
dwmmc_rockchip ff0d0000.dwmmc: No GPIO consumer wp found
dwmmc_rockchip ff0d0000.dwmmc: allocated mmc-pwrseq
mmc_host mmc1: card is non-removable.
random: fast init done
mmc_host mmc1: Bus speed (slot 0) = 400000Hz (slot req 400000Hz, actual 400000HZ div = 0)
dwmmc_rockchip ff0f0000.dwmmc: IDMAC supports 32-bit address mode.
dwmmc_rockchip ff0f0000.dwmmc: Using internal DMA controller.
dwmmc_rockchip ff0f0000.dwmmc: Version ID is 270a
dwmmc_rockchip ff0f0000.dwmmc: DW MMC controller at irq 32,32 bit host data width,256 deep fifo
dwmmc_rockchip ff0f0000.dwmmc: GPIO lookup for consumer wp
dwmmc_rockchip ff0f0000.dwmmc: using device tree for GPIO lookup
of_get_named_gpiod_flags: can't parse 'wp-gpios' property of node '/dwmmc@ff0f0000[0]'
of_get_named_gpiod_flags: can't parse 'wp-gpio' property of node '/dwmmc@ff0f0000[0]'
dwmmc_rockchip ff0f0000.dwmmc: using lookup tables for GPIO lookup
dwmmc_rockchip ff0f0000.dwmmc: No GPIO consumer wp found
mmc_host mmc2: card is non-removable.
mmc_host mmc2: Bus speed (slot 0) = 400000Hz (slot req 400000Hz, actual 400000HZ div = 0)
mmc_host mmc1: Bus speed (slot 0) = 50000000Hz (slot req 50000000Hz, actual 50000000HZ div = 0)
mmc1: new high speed SDIO card at address 0001
mmc_host mmc0: Bus speed (slot 0) = 148500000Hz (slot req 150000000Hz, actual 148500000HZ div = 0)
sdhci-pltfm: SDHCI platform and OF driver helper
of_get_named_gpiod_flags: parsed 'gpios' property of node '/gpio-leds/act-led[0]' - status (0)
gpio gpiochip1: Persistence not supported for GPIO 24
no flags found for gpios
of_get_named_gpiod_flags: parsed 'gpios' property of node '/gpio-leds/heartbeat-led[0]' - status (0)
gpio gpiochip1: Persistence not supported for GPIO 25
no flags found for gpios
of_get_named_gpiod_flags: parsed 'gpios' property of node '/gpio-leds/pwr-led[0]' - status (0)
gpio gpiochip0: Persistence not supported for GPIO 3
no flags found for gpios
ledtrig-cpu: registered to indicate activity on CPUs
hidraw: raw HID events driver (C) Jiri Kosina
usbcore: registered new interface driver usbhid
usbhid: USB HID core driver
ashmem: initialized
rockchip-saradc ff100000.saradc: Linked as a consumer to regulator.7
usbcore: registered new interface driver snd-usb-audio
NET: Registered protocol family 10
Segment Routing with IPv6
sit: IPv6, IPv4 and MPLS over IPv4 tunneling driver
NET: Registered protocol family 17
bridge: filtering via arp/ip/ip6tables is no longer available by default. Update your scripts to load br_netfilter if you need this.
can: controller area network core (rev 20170425 abi 9)
NET: Registered protocol family 29
Bluetooth: RFCOMM socket layer initialized
Bluetooth: RFCOMM ver 1.11
Bluetooth: HIDP (Human Interface Emulation) ver 1.2
Bluetooth: HIDP socket layer initialized
8021q: 802.1Q VLAN Support v1.8
lib80211: common routines for IEEE802.11 drivers
lib80211_crypt: registered algorithm 'NULL'
lib80211_crypt: registered algorithm 'WEP'
lib80211_crypt: registered algorithm 'CCMP'
lib80211_crypt: registered algorithm 'TKIP'
Key type dns_resolver registered
ThumbEE CPU extension supported.
Registering SWP/SWPB emulation handler
Loading compiled-in X.509 certificates
zswap: loaded using pool lzo/zbud
Btrfs loaded, crc32c=crc32c-generic
rockchip-drm display-subsystem: bound ff930000.vop (ops 0xc0f6d098)
rockchip-drm display-subsystem: bound ff940000.vop (ops 0xc0f6d098)
dwhdmi-rockchip ff980000.hdmi: Detected HDMI TX controller v2.00a with HDCP (DWC MHL PHY)
rockchip-drm display-subsystem: bound ff980000.hdmi (ops 0xc0f6e728)
[drm] Supports vblank timestamp caching Rev 2 (21.10.2013).
[drm] No driver support for vblank timestamp query.
usb 1-1: new high-speed USB device number 2 using dwc2
usb 1-1: New USB device found, idVendor=05e3, idProduct=0610, bcdDevice=32.98
usb 1-1: New USB device strings: Mfr=0, Product=1, SerialNumber=0
usb 1-1: Product: USB2.0 Hub
hub 1-1:1.0: USB hub found
hub 1-1:1.0: 4 ports detected
dwmmc_rockchip ff0c0000.dwmmc: Successfully tuned phase to 147
mmc0: new ultra high speed SDR104 SDHC card at address 0007
mmcblk0: mmc0:0007 SD32G 29.0 GiB 
 mmcblk0: p1
dwmmc_rockchip ff0f0000.dwmmc: Busy; trying anyway
mmc_host mmc2: Timeout sending command (cmd 0x202000 arg 0x0 status 0x80202000)
mmc_host mmc2: Bus speed (slot 0) = 300000Hz (slot req 300000Hz, actual 300000HZ div = 0)
rk3x-i2c ff170000.i2c: timeout, ipd: 0x00, state: 1
usb 3-1: new high-speed USB device number 2 using ehci-platform
usb 3-1: config 1 has an invalid interface number: 255 but max is 6
usb 3-1: config 1 has no interface number 6
usb 3-1: New USB device found, idVendor=0bda, idProduct=481a, bcdDevice= 0.00
usb 3-1: New USB device strings: Mfr=3, Product=1, SerialNumber=2
usb 3-1: Product: USB Audio
usb 3-1: Manufacturer: Generic
usb 3-1: SerialNumber: 201405280001
dwmmc_rockchip ff0f0000.dwmmc: Busy; trying anyway
mmc_host mmc2: Timeout sending command (cmd 0x202000 arg 0x0 status 0x80202000)
mmc_host mmc2: Bus speed (slot 0) = 200000Hz (slot req 200000Hz, actual 200000HZ div = 0)
rk3x-i2c ff170000.i2c: timeout, ipd: 0x00, state: 1
usb 1-1.4: new full-speed USB device number 3 using dwc2
usb 1-1.4: New USB device found, idVendor=24ae, idProduct=1006, bcdDevice= 1.10
usb 1-1.4: New USB device strings: Mfr=1, Product=2, SerialNumber=0
usb 1-1.4: Product: Rapoo 2.4G Wireless Touchpad Keyboard
usb 1-1.4: Manufacturer: RAPOO
input: RAPOO Rapoo 2.4G Wireless Touchpad Keyboard as /devices/platform/ff540000.usb/usb1/1-1/1-1.4/1-1.4:1.0/0003:24AE:1006.0001/input/input0
hid-generic 0003:24AE:1006.0001: input,hidraw0: USB HID v1.10 Mouse [RAPOO Rapoo 2.4G Wireless Touchpad Keyboard] on usb-ff540000.usb-1.4/input0
input: RAPOO Rapoo 2.4G Wireless Touchpad Keyboard System Control as /devices/platform/ff540000.usb/usb1/1-1/1-1.4/1-1.4:1.1/0003:24AE:1006.0002/input/input2
input: RAPOO Rapoo 2.4G Wireless Touchpad Keyboard Consumer Control as /devices/platform/ff540000.usb/usb1/1-1/1-1.4/1-1.4:1.1/0003:24AE:1006.0002/input/input3
hid-generic 0003:24AE:1006.0002: input,hiddev96,hidraw1: USB HID v1.10 Device [RAPOO Rapoo 2.4G Wireless Touchpad Keyboard] on usb-ff540000.usb-1.4/input1
dwmmc_rockchip ff0f0000.dwmmc: Busy; trying anyway
mmc_host mmc2: Timeout sending command (cmd 0x202000 arg 0x0 status 0x80202000)
input: RAPOO Rapoo 2.4G Wireless Touchpad Keyboard as /devices/platform/ff540000.usb/usb1/1-1/1-1.4/1-1.4:1.2/0003:24AE:1006.0003/input/input4
mmc_host mmc2: Bus speed (slot 0) = 187500Hz (slot req 100000Hz, actual 93750HZ div = 1)
rk3x-i2c ff170000.i2c: timeout, ipd: 0x00, state: 1
hid-generic 0003:24AE:1006.0003: input,hidraw2: USB HID v1.10 Keyboard [RAPOO Rapoo 2.4G Wireless Touchpad Keyboard] on usb-ff540000.usb-1.4/input2
random: crng init done
input: Generic USB Audio Consumer Control as /devices/platform/ff500000.usb/usb3/3-1/3-1:1.255/0003:0BDA:481A.0004/input/input5
dwmmc_rockchip ff0f0000.dwmmc: Busy; trying anyway
input: Generic USB Audio as /devices/platform/ff500000.usb/usb3/3-1/3-1:1.255/0003:0BDA:481A.0004/input/input6
hid-generic 0003:0BDA:481A.0004: input,hiddev97,hidraw3: USB HID v1.11 Device [Generic USB Audio] on usb-ff500000.usb-1/input255
mmc_host mmc2: Timeout sending command (cmd 0x202000 arg 0x0 status 0x80202000)
rk3x-i2c ff170000.i2c: timeout, ipd: 0x00, state: 1
rk3x-i2c ff170000.i2c: timeout, ipd: 0x00, state: 1
Console: switching to colour frame buffer device 128x48
rockchip-drm display-subsystem: fb0:  frame buffer device
[drm] Initialized rockchip 1.0.0 20140818 for display-subsystem on minor 0
rk_gmac-dwmac ff290000.ethernet: PTP uses main clock
rk_gmac-dwmac ff290000.ethernet: Linked as a consumer to regulator.16
rk_gmac-dwmac ff290000.ethernet: clock input or output? (input).
rk_gmac-dwmac ff290000.ethernet: TX delay(0x30).
rk_gmac-dwmac ff290000.ethernet: RX delay(0x10).
rk_gmac-dwmac ff290000.ethernet: integrated PHY? (no).
rk_gmac-dwmac ff290000.ethernet: cannot get clock clk_mac_speed
rk_gmac-dwmac ff290000.ethernet: clock input from PHY
rk_gmac-dwmac ff290000.ethernet: init for RGMII
rk_gmac-dwmac ff290000.ethernet: User ID: 0x10, Synopsys ID: 0x35
rk_gmac-dwmac ff290000.ethernet: 	DWMAC1000
rk_gmac-dwmac ff290000.ethernet: DMA HW capability register supported
rk_gmac-dwmac ff290000.ethernet: RX Checksum Offload Engine supported
rk_gmac-dwmac ff290000.ethernet: COE Type 2
rk_gmac-dwmac ff290000.ethernet: TX Checksum insertion supported
rk_gmac-dwmac ff290000.ethernet: Wake-Up On Lan supported
rk_gmac-dwmac ff290000.ethernet: Normal descriptors
rk_gmac-dwmac ff290000.ethernet: Ring mode enabled
rk_gmac-dwmac ff290000.ethernet: Enable RX Mitigation via HW Watchdog Timer
mdio_bus stmmac-0: GPIO lookup for consumer reset
mdio_bus stmmac-0: using lookup tables for GPIO lookup
mdio_bus stmmac-0: No GPIO consumer reset found
of_get_named_gpiod_flags: parsed 'snps,reset-gpio' property of node '/ethernet@ff290000[0]' - status (0)
libphy: stmmac: probed
RTL8211E Gigabit Ethernet stmmac-0:00: attached PHY driver [RTL8211E Gigabit Ethernet] (mii_bus:phy_addr=stmmac-0:00, irq=POLL)
RTL8211E Gigabit Ethernet stmmac-0:01: attached PHY driver [RTL8211E Gigabit Ethernet] (mii_bus:phy_addr=stmmac-0:01, irq=POLL)
rk808-rtc rk808-rtc: setting system clock to 2013-01-18 08:50:17 UTC (1358499017)
cfg80211: Loading compiled-in X.509 certificates for regulatory database
cfg80211: Loaded X.509 cert 'sforshee: 00b28ddf47aef9cea7'
vcc_sd: supplied by vcc_io
vcc_sd: disabling
ALSA device list:
  #0: Generic USB Audio OnBoard at usb-ff500000.usb-1, high speed
platform regulatory.0: Direct firmware load for regulatory.db failed with error -2
cfg80211: failed to load regulatory.db
Freeing unused kernel memory: 1024K
Run /init as init process
rk3x-i2c ff170000.i2c: timeout, ipd: 0x00, state: 1
mali ffa30000.gpu: Linked as a consumer to regulator.4
mali ffa30000.gpu: GPU identified as 0x0750 r0p0 status 1
mali ffa30000.gpu: Protected mode not available
mali ffa30000.gpu: Probed as mali0
rk3x-i2c ff170000.i2c: timeout, ipd: 0x00, state: 1
rk3x-i2c ff170000.i2c: timeout, ipd: 0x00, state: 1
rk3x-i2c ff170000.i2c: timeout, ipd: 0x00, state: 1
rk3x-i2c ff170000.i2c: timeout, ipd: 0x00, state: 1
EXT4-fs (mmcblk0p1): mounted filesystem with writeback data mode. Opts: (null)
systemd[1]: System time before build time, advancing clock.
systemd[1]: systemd 237 running in system mode. (+PAM +AUDIT +SELINUX +IMA +APPARMOR +SMACK +SYSVINIT +UTMP +LIBCRYPTSETUP +GCRYPT +GNUTLS +ACL +XZ +LZ4 +SECCOMP +BLKID +ELFUTILS +KMOD -IDN2 +IDN -PCRE2 default-hierarchy=hybrid)
systemd[1]: Detected architecture arm.
systemd[1]: Set hostname to <tinkerboard>.
ttyS2 - failed to request DMA
systemd[1]: File /lib/systemd/system/systemd-journald.service:36 configures an IP firewall (IPAddressDeny=any), but the local system does not support BPF/cgroup based firewalling.
systemd[1]: Proceeding WITHOUT firewalling in effect! (This warning is only shown for the first loaded unit using IP firewalling.)
systemd[1]: Reached target User and Group Name Lookups.
systemd[1]: Started Forward Password Requests to Wall Directory Watch.
systemd[1]: Started Dispatch Password Requests to Console Directory Watch.
systemd[1]: Reached target Remote File Systems.
systemd[1]: Reached target Local Encrypted Volumes.
EXT4-fs (mmcblk0p1): re-mounted. Opts: commit=600,errors=remount-ro
systemd-journald[279]: Received request to flush runtime journal from PID 1
cpu cpu0: Linked as a consumer to regulator.3
cpu cpu0: Dropping the link to regulator.3
of: /cpus/cpu@501: Couldn't find opp node
cpu cpu0: Linked as a consumer to regulator.3
cpufreq: cpufreq_online: CPU0: Running at unlisted freq: 500000 KHz
cpufreq: cpufreq_online: CPU0: Unlisted initial frequency changed to: 600000 KHz
r8723bs: module is from the staging directory, the quality is unknown, you have been warned.
RTL8723BS: module init start
RTL8723BS: rtl8723bs v4.3.5.5_12290.20140916_BTCOEX20140507-4E40
RTL8723BS: rtl8723bs BT-Coex version = BTCOEX20140507-4E40
pnetdev = d7911f64
of_get_named_gpiod_flags: can't parse 'simple-audio-card,hp-det-gpio' property of node '/sound[0]'
of_get_named_gpiod_flags: can't parse 'simple-audio-card,mic-det-gpio' property of node '/sound[0]'
asoc-simple-card sound: i2s-hifi <-> ff890000.i2s mapping ok
of_get_named_gpiod_flags: parsed 'gpios' property of node '/gpio-keys/button@0[0]' - status (0)
gpio gpiochip0: Persistence not supported for GPIO 5
input: gpio-keys as /devices/platform/gpio-keys/input/input7
zram: Added device: zram0
zram: Added device: zram1
zram: Added device: zram2
zram: Added device: zram3
zram: Added device: zram4
zram: Added device: zram5
rk3288-crypto ff8a0000.cypto-controller: Crypto Accelerator successfully registered
zram1: detected capacity change from 0 to 262496256
Adding 256340k swap on /dev/zram1.  Priority:5 extents:1 across:256340k SSFS
RTL8723BS: rtw_ndev_init(wlan0)
RTL8723BS: module init ret =0
zram2: detected capacity change from 0 to 262496256
Adding 256340k swap on /dev/zram2.  Priority:5 extents:1 across:256340k SSFS
zram3: detected capacity change from 0 to 262496256
Adding 256340k swap on /dev/zram3.  Priority:5 extents:1 across:256340k SSFS
zram4: detected capacity change from 0 to 262496256
Adding 256340k swap on /dev/zram4.  Priority:5 extents:1 across:256340k SSFS
zram0: detected capacity change from 0 to 52428800
EXT4-fs (zram0): mounted filesystem without journal. Opts: discard
gpio gpiochip4: Persistence not supported for GPIO 26
gpio gpiochip4: Persistence not supported for GPIO 29
gpio gpiochip4: Persistence not supported for GPIO 31
IPv6: ADDRCONF(NETDEV_UP): eth0: link is not ready
RTL8211E Gigabit Ethernet stmmac-0:00: attached PHY driver [RTL8211E Gigabit Ethernet] (mii_bus:phy_addr=stmmac-0:00, irq=POLL)
rk_gmac-dwmac ff290000.ethernet eth0: No Safety Features support found
rk_gmac-dwmac ff290000.ethernet eth0: PTP not supported by HW
IPv6: ADDRCONF(NETDEV_UP): eth0: link is not ready
IPv6: ADDRCONF(NETDEV_UP): wlan0: link is not ready
rtl8723bs: acquire FW from file:rtlwifi/rtl8723bs_nic.bin
ttyS0 - failed to request DMA
IPv6: ADDRCONF(NETDEV_UP): wlan0: link is not ready
IPv6: ADDRCONF(NETDEV_UP): wlan0: link is not ready
rk3x-i2c ff170000.i2c: timeout, ipd: 0x00, state: 1
rk3x-i2c ff170000.i2c: timeout, ipd: 0x00, state: 1
rk3x-i2c ff170000.i2c: timeout, ipd: 0x00, state: 1
rk3x-i2c ff170000.i2c: timeout, ipd: 0x00, state: 1
rk3x-i2c ff170000.i2c: timeout, ipd: 0x00, state: 1
rk3x-i2c ff170000.i2c: timeout, ipd: 0x00, state: 1
rk3x-i2c ff170000.i2c: timeout, ipd: 0x00, state: 1
rk3x-i2c ff170000.i2c: timeout, ipd: 0x00, state: 1
rk3x-i2c ff170000.i2c: timeout, ipd: 0x00, state: 1
rk3x-i2c ff170000.i2c: timeout, ipd: 0x00, state: 1
RTL8723BS: rtw_set_802_11_connect(wlan0)  fw_state = 0x00000008
RTL8723BS: start auth
RTL8723BS: auth success, start assoc
RTL8723BS: rtw_cfg80211_indicate_connect(wlan0) BSS not found !!
RTL8723BS: assoc success
RTL8723BS: send eapol packet
RTL8723BS: send eapol packet
RTL8723BS: set pairwise key camid:4, addr:c8:0e:14:2c:d1:f2, kid:0, type:AES
IPv6: ADDRCONF(NETDEV_CHANGE): wlan0: link becomes ready
RTL8723BS: set group key camid:5, addr:c8:0e:14:2c:d1:f2, kid:1, type:AES
rk3x-i2c ff170000.i2c: timeout, ipd: 0x00, state: 1
rk3x-i2c ff170000.i2c: timeout, ipd: 0x00, state: 1
rk3x-i2c ff170000.i2c: timeout, ipd: 0x00, state: 1
rk3x-i2c ff170000.i2c: timeout, ipd: 0x00, state: 1
rk3x-i2c ff170000.i2c: timeout, ipd: 0x00, state: 1
fuse init (API version 7.27)
rk3x-i2c ff170000.i2c: timeout, ipd: 0x00, state: 1
rk3x-i2c ff170000.i2c: timeout, ipd: 0x00, state: 1
rk3x-i2c ff170000.i2c: timeout, ipd: 0x00, state: 1
rk3x-i2c ff170000.i2c: timeout, ipd: 0x00, state: 1
rk3x-i2c ff170000.i2c: timeout, ipd: 0x00, state: 1
RTL8723BS: send eapol packet
RTL8723BS: set group key camid:6, addr:c8:0e:14:2c:d1:f2, kid:2, type:AES
rk3x-i2c ff170000.i2c: timeout, ipd: 0x00, state: 1
rk3x-i2c ff170000.i2c: timeout, ipd: 0x00, state: 1
rk3x-i2c ff170000.i2c: timeout, ipd: 0x00, state: 1
rk3x-i2c ff170000.i2c: timeout, ipd: 0x00, state: 1
rk3x-i2c ff170000.i2c: timeout, ipd: 0x00, state: 1
rk3x-i2c ff170000.i2c: timeout, ipd: 0x00, state: 1
rk3x-i2c ff170000.i2c: timeout, ipd: 0x00, state: 1
rk3x-i2c ff170000.i2c: timeout, ipd: 0x00, state: 1
rk3x-i2c ff170000.i2c: timeout, ipd: 0x00, state: 1
rk3x-i2c ff170000.i2c: timeout, ipd: 0x00, state: 1
RTL8723BS: send eapol packet
RTL8723BS: set group key camid:5, addr:c8:0e:14:2c:d1:f2, kid:1, type:AES
RTL8723BS: send eapol packet
RTL8723BS: set group key camid:6, addr:c8:0e:14:2c:d1:f2, kid:2, type:AES
RTL8723BS: send eapol packet
RTL8723BS: set group key camid:5, addr:c8:0e:14:2c:d1:f2, kid:1, type:AES
RTL8723BS: send eapol packet
RTL8723BS: set group key camid:6, addr:c8:0e:14:2c:d1:f2, kid:2, type:AES
RTL8723BS: send eapol packet
RTL8723BS: set group key camid:5, addr:c8:0e:14:2c:d1:f2, kid:1, type:AES
rk3x-i2c ff170000.i2c: timeout, ipd: 0x00, state: 1
rk3x-i2c ff170000.i2c: timeout, ipd: 0x00, state: 1
rk3x-i2c ff170000.i2c: timeout, ipd: 0x00, state: 1
rk3x-i2c ff170000.i2c: timeout, ipd: 0x00, state: 1
rk3x-i2c ff170000.i2c: timeout, ipd: 0x00, state: 1
rk3x-i2c ff170000.i2c: timeout, ipd: 0x00, state: 1
rk3x-i2c ff170000.i2c: timeout, ipd: 0x00, state: 1
rk3x-i2c ff170000.i2c: timeout, ipd: 0x00, state: 1
rk3x-i2c ff170000.i2c: timeout, ipd: 0x00, state: 1
rk3x-i2c ff170000.i2c: timeout, ipd: 0x00, state: 1
rk3x-i2c ff170000.i2c: timeout, ipd: 0x00, state: 1
rk3x-i2c ff170000.i2c: timeout, ipd: 0x00, state: 1
rk3x-i2c ff170000.i2c: timeout, ipd: 0x00, state: 1
rk3x-i2c ff170000.i2c: timeout, ipd: 0x00, state: 1
rk3x-i2c ff170000.i2c: timeout, ipd: 0x00, state: 1
rk3x-i2c ff170000.i2c: timeout, ipd: 0x00, state: 1
rk3x-i2c ff170000.i2c: timeout, ipd: 0x00, state: 1
rk3x-i2c ff170000.i2c: timeout, ipd: 0x00, state: 1
rk3x-i2c ff170000.i2c: timeout, ipd: 0x00, state: 1
rk3x-i2c ff170000.i2c: timeout, ipd: 0x00, state: 1
rk3x-i2c ff170000.i2c: timeout, ipd: 0x00, state: 1
rk3x-i2c ff170000.i2c: timeout, ipd: 0x00, state: 1
rk3x-i2c ff170000.i2c: timeout, ipd: 0x00, state: 1
rk3x-i2c ff170000.i2c: timeout, ipd: 0x00, state: 1
rk3x-i2c ff170000.i2c: timeout, ipd: 0x00, state: 1
RTL8723BS: send eapol packet
RTL8723BS: set group key camid:6, addr:c8:0e:14:2c:d1:f2, kid:2, type:AES
RTL8723BS: send eapol packet
RTL8723BS: set group key camid:5, addr:c8:0e:14:2c:d1:f2, kid:1, type:AES
RTL8723BS: send eapol packet
RTL8723BS: set group key camid:6, addr:c8:0e:14:2c:d1:f2, kid:2, type:AES
RTL8723BS: send eapol packet
RTL8723BS: set group key camid:5, addr:c8:0e:14:2c:d1:f2, kid:1, type:AES
RTL8723BS: send eapol packet
RTL8723BS: set group key camid:6, addr:c8:0e:14:2c:d1:f2, kid:2, type:AES
RTL8723BS: send eapol packet
RTL8723BS: set group key camid:5, addr:c8:0e:14:2c:d1:f2, kid:1, type:AES
RTL8723BS: send eapol packet
RTL8723BS: set group key camid:6, addr:c8:0e:14:2c:d1:f2, kid:2, type:AES
RTL8723BS: send eapol packet
RTL8723BS: set group key camid:5, addr:c8:0e:14:2c:d1:f2, kid:1, type:AES
RTL8723BS: send eapol packet
RTL8723BS: set group key camid:6, addr:c8:0e:14:2c:d1:f2, kid:2, type:AES
RTL8723BS: send eapol packet
RTL8723BS: set group key camid:5, addr:c8:0e:14:2c:d1:f2, kid:1, type:AES
RTL8723BS: send eapol packet
RTL8723BS: set group key camid:6, addr:c8:0e:14:2c:d1:f2, kid:2, type:AES
RTL8723BS: send eapol packet
RTL8723BS: set group key camid:5, addr:c8:0e:14:2c:d1:f2, kid:1, type:AES
RTL8723BS: send eapol packet
RTL8723BS: set group key camid:6, addr:c8:0e:14:2c:d1:f2, kid:2, type:AES
RTL8723BS: send eapol packet
RTL8723BS: set group key camid:5, addr:c8:0e:14:2c:d1:f2, kid:1, type:AES
RTL8723BS: send eapol packet
RTL8723BS: set group key camid:6, addr:c8:0e:14:2c:d1:f2, kid:2, type:AES
RTL8723BS: send eapol packet
RTL8723BS: set group key camid:5, addr:c8:0e:14:2c:d1:f2, kid:1, type:AES
RTL8723BS: send eapol packet
RTL8723BS: set group key camid:6, addr:c8:0e:14:2c:d1:f2, kid:2, type:AES
RTL8723BS: send eapol packet
RTL8723BS: set group key camid:5, addr:c8:0e:14:2c:d1:f2, kid:1, type:AES
RTL8723BS: send eapol packet
RTL8723BS: set group key camid:6, addr:c8:0e:14:2c:d1:f2, kid:2, type:AES
RTL8723BS: send eapol packet
RTL8723BS: set group key camid:5, addr:c8:0e:14:2c:d1:f2, kid:1, type:AES
RTL8723BS: send eapol packet
RTL8723BS: set group key camid:6, addr:c8:0e:14:2c:d1:f2, kid:2, type:AES
RTL8723BS: send eapol packet
RTL8723BS: set group key camid:5, addr:c8:0e:14:2c:d1:f2, kid:1, type:AES
RTL8723BS: send eapol packet
RTL8723BS: set group key camid:6, addr:c8:0e:14:2c:d1:f2, kid:2, type:AES
RTL8723BS: send eapol packet
RTL8723BS: set group key camid:5, addr:c8:0e:14:2c:d1:f2, kid:1, type:AES
RTL8723BS: send eapol packet
RTL8723BS: set group key camid:6, addr:c8:0e:14:2c:d1:f2, kid:2, type:AES
RTL8723BS: send eapol packet
RTL8723BS: set group key camid:5, addr:c8:0e:14:2c:d1:f2, kid:1, type:AES
RTL8723BS: send eapol packet
RTL8723BS: set group key camid:6, addr:c8:0e:14:2c:d1:f2, kid:2, type:AES
RTL8723BS: send eapol packet
RTL8723BS: set group key camid:5, addr:c8:0e:14:2c:d1:f2, kid:1, type:AES
RTL8723BS: send eapol packet
RTL8723BS: set group key camid:6, addr:c8:0e:14:2c:d1:f2, kid:2, type:AES
RTL8723BS: send eapol packet
RTL8723BS: set group key camid:5, addr:c8:0e:14:2c:d1:f2, kid:1, type:AES
RTL8723BS: send eapol packet
RTL8723BS: set group key camid:6, addr:c8:0e:14:2c:d1:f2, kid:2, type:AES
RTL8723BS: send eapol packet
RTL8723BS: set group key camid:5, addr:c8:0e:14:2c:d1:f2, kid:1, type:AES
RTL8723BS: send eapol packet
RTL8723BS: set group key camid:6, addr:c8:0e:14:2c:d1:f2, kid:2, type:AES
RTL8723BS: send eapol packet
RTL8723BS: set group key camid:5, addr:c8:0e:14:2c:d1:f2, kid:1, type:AES
RTL8723BS: send eapol packet
RTL8723BS: set group key camid:6, addr:c8:0e:14:2c:d1:f2, kid:2, type:AES
RTL8723BS: send eapol packet
RTL8723BS: set group key camid:5, addr:c8:0e:14:2c:d1:f2, kid:1, type:AES
RTL8723BS: send eapol packet
RTL8723BS: set group key camid:6, addr:c8:0e:14:2c:d1:f2, kid:2, type:AES
