MemTotal:        2050740 kB
MemFree:          756540 kB
MemAvailable:    1675652 kB
Buffers:           11392 kB
Cached:           983416 kB
SwapCached:           72 kB
Active:           515680 kB
Inactive:         694348 kB
Active(anon):       9736 kB
Inactive(anon):   239588 kB
Active(file):     505944 kB
Inactive(file):   454760 kB
Unevictable:          96 kB
Mlocked:              96 kB
HighTotal:       1310720 kB
HighFree:         434656 kB
LowTotal:         740020 kB
LowFree:          321884 kB
SwapTotal:       1025360 kB
SwapFree:        1016400 kB
Dirty:               124 kB
Writeback:             0 kB
AnonPages:        215388 kB
Mapped:            46560 kB
Shmem:             33924 kB
Slab:              42392 kB
SReclaimable:      20912 kB
SUnreclaim:        21480 kB
KernelStack:        2456 kB
PageTables:         6316 kB
NFS_Unstable:          0 kB
Bounce:                0 kB
WritebackTmp:          0 kB
CommitLimit:     2050728 kB
Committed_AS:    2155284 kB
VmallocTotal:     245760 kB
VmallocUsed:           0 kB
VmallocChunk:          0 kB
Percpu:              480 kB
CmaTotal:              0 kB
CmaFree:               0 kB
