Booting Linux on physical CPU 0x0
Initializing cgroup subsys cpuset
Initializing cgroup subsys cpu
Initializing cgroup subsys cpuacct
Linux version 4.4.143 (root@jensen) (gcc version 6.4.0 (ctng-1.23.0-150g-FA) ) #1 SMP Tue Nov 20 11:10:11 CST 2018
Boot CPU: AArch64 Processor [410fd034]
earlycon: Early serial console at MMIO32 0xff1a0000 (options '')
bootconsole [uart0] enabled
On node 0 totalpages: 1010688
  DMA zone: 15864 pages used for memmap
  DMA zone: 0 pages reserved
  DMA zone: 1010688 pages, LIFO batch:31
psci: probing for conduit method from DT.
psci: PSCIv1.0 detected in firmware.
psci: Using standard PSCI v0.2 function IDs
psci: Trusted OS migration not required
PERCPU: Embedded 21 pages/cpu @ffffffc0f7ed1000 s45992 r8192 d31832 u86016
pcpu-alloc: s45992 r8192 d31832 u86016 alloc=21*4096
pcpu-alloc: [0] 0 [0] 1 [0] 2 [0] 3 [0] 4 [0] 5 
Detected VIPT I-cache on CPU0
CPU features: enabling workaround for ARM erratum 845719
Built 1 zonelists in Zone order, mobility grouping on.  Total pages: 994824
Kernel command line: earlycon=uart8250,mmio32,0xff1a0000 swiotlb=1 console=ttyFIQ0 rw root=PARTUUID=614e0000-0000 rootfstype=ext4 rootwait root=/dev/mmcblk0p1 rw rootfstype=ext4 storagemedia=sd uboot_logo=0x02000000@0xf5c00000 loader.timestamp=2018-08-01_14:55:50 SecureBootCheckOk=0
PID hash table entries: 4096 (order: 3, 32768 bytes)
Dentry cache hash table entries: 524288 (order: 10, 4194304 bytes)
Inode-cache hash table entries: 262144 (order: 9, 2097152 bytes)
software IO TLB [mem 0xf7e89000-0xf7ec9000] (0MB) mapped at [ffffffc0f7e89000-ffffffc0f7ec8fff]
Memory: 3942888K/4042752K available (12094K kernel code, 1484K rwdata, 4332K rodata, 1152K init, 765K bss, 99864K reserved, 0K cma-reserved)
Virtual kernel memory layout:
                   modules : 0xffffff8000000000 - 0xffffff8008000000   (   128 MB)
                   vmalloc : 0xffffff8008000000 - 0xffffffbdbfff0000   (   246 GB)
                     .init : 0xffffff8009090000 - 0xffffff80091b0000   (  1152 KB)
                     .text : 0xffffff8008080000 - 0xffffff8008c50000   ( 12096 KB)
                   .rodata : 0xffffff8008c50000 - 0xffffff8009090000   (  4352 KB)
                     .data : 0xffffff80091b0000 - 0xffffff8009323008   (  1485 KB)
                   vmemmap : 0xffffffbdc0000000 - 0xffffffbfc0000000   (     8 GB maximum)
                             0xffffffbdc0008000 - 0xffffffbdc3e00000   (    61 MB actual)
                   fixed   : 0xffffffbffe7fb000 - 0xffffffbffec00000   (  4116 KB)
                   PCI I/O : 0xffffffbffee00000 - 0xffffffbfffe00000   (    16 MB)
                   memory  : 0xffffffc000200000 - 0xffffffc0f8000000   (  3966 MB)
SLUB: HWalign=64, Order=0-3, MinObjects=0, CPUs=6, Nodes=1
Hierarchical RCU implementation.
	Build-time adjustment of leaf fanout to 64.
	RCU restricting CPUs from NR_CPUS=8 to nr_cpu_ids=6.
RCU: Adjusting geometry for rcu_fanout_leaf=64, nr_cpu_ids=6
NR_IRQS:64 nr_irqs:64 0
GIC: Using split EOI/Deactivate mode
ITS: /interrupt-controller@fee00000/interrupt-controller@fee20000
ITS: allocated 65536 Devices @f2c80000 (psz 64K, shr 0)
ITS: using cache flushing for cmd queue
GIC: using LPI property table @0x00000000f2d00000
ITS: Allocated 1792 chunks for LPIs
CPU0: found redistributor 0 region 0:0x00000000fef00000
CPU0: using LPI pending table @0x00000000f2d10000
GIC: using cache flushing for LPI property table
GIC: PPI partition interrupt-partition-0[0] { /cpus/cpu@0[0] /cpus/cpu@1[1] /cpus/cpu@2[2] /cpus/cpu@3[3] }
GIC: PPI partition interrupt-partition-1[1] { /cpus/cpu@100[4] /cpus/cpu@101[5] }
rockchip_mmc_get_phase: invalid clk rate
rockchip_mmc_get_phase: invalid clk rate
rockchip_mmc_get_phase: invalid clk rate
rockchip_mmc_get_phase: invalid clk rate
rockchip_clk_register_frac_branch: could not find dclk_vop0_frac as parent of dclk_vop0, rate changes may not work
rockchip_clk_register_frac_branch: could not find dclk_vop1_frac as parent of dclk_vop1, rate changes may not work
rockchip_cpuclk_pre_rate_change: limiting alt-divider 33 to 31
Architected cp15 timer(s) running at 24.00MHz (phys).
clocksource: arch_sys_counter: mask: 0xffffffffffffff max_cycles: 0x588fe9dc0, max_idle_ns: 440795202592 ns
sched_clock: 56 bits at 24MHz, resolution 41ns, wraps every 4398046511097ns
Console: colour dummy device 80x25
Calibrating delay loop (skipped), value calculated using timer frequency.. 48.00 BogoMIPS (lpj=24000)
pid_max: default: 32768 minimum: 301
Mount-cache hash table entries: 8192 (order: 4, 65536 bytes)
Mountpoint-cache hash table entries: 8192 (order: 4, 65536 bytes)
Initializing cgroup subsys devices
Initializing cgroup subsys freezer
ftrace: allocating 39273 entries in 154 pages
sched-energy: Sched-energy-costs installed from DT
CPU0: update cpu_capacity 401
ASID allocator initialised with 32768 entries
PCI/MSI: /interrupt-controller@fee00000/interrupt-controller@fee20000 domain created
Platform MSI: /interrupt-controller@fee00000/interrupt-controller@fee20000 domain created
Detected VIPT I-cache on CPU1
CPU1: found redistributor 1 region 0:0x00000000fef20000
CPU1: using LPI pending table @0x00000000f2f20000
CPU1: update cpu_capacity 401
CPU1: Booted secondary processor [410fd034]
Detected VIPT I-cache on CPU2
CPU2: found redistributor 2 region 0:0x00000000fef40000
CPU2: using LPI pending table @0x00000000f2f50000
CPU2: update cpu_capacity 401
CPU2: Booted secondary processor [410fd034]
Detected VIPT I-cache on CPU3
CPU3: found redistributor 3 region 0:0x00000000fef60000
CPU3: using LPI pending table @0x00000000f2f90000
CPU3: update cpu_capacity 401
CPU3: Booted secondary processor [410fd034]
Detected PIPT I-cache on CPU4
CPU4: found redistributor 100 region 0:0x00000000fef80000
CPU4: using LPI pending table @0x00000000f2fd0000
CPU4: update cpu_capacity 1024
CPU4: Booted secondary processor [410fd082]
Detected PIPT I-cache on CPU5
CPU5: found redistributor 101 region 0:0x00000000fefa0000
CPU5: using LPI pending table @0x00000000f2400000
CPU5: update cpu_capacity 1024
CPU5: Booted secondary processor [410fd082]
Brought up 6 CPUs
SMP: Total of 6 processors activated.
CPU features: detected feature: GIC system register CPU interface
CPU: All CPU(s) started at EL2
alternatives: patching kernel code
devtmpfs: initialized
clocksource: jiffies: mask: 0xffffffff max_cycles: 0xffffffff, max_idle_ns: 1911260446275000 ns
futex hash table entries: 2048 (order: 5, 131072 bytes)
pinctrl core: initialized pinctrl subsystem
regulator-dummy: no parameters
NET: Registered protocol family 16
cpuidle: using governor ladder
cpuidle: using governor menu
Registered FIQ tty driver
vdso: 2 pages (1 code @ ffffff8008c56000, 1 data @ ffffff80091b4000)
hw-breakpoint: found 6 breakpoint and 4 watchpoint registers.
DMA: preallocated 256 KiB pool for atomic allocations
gpiochip_add_data: registered GPIOs 0 to 31 on device: gpio0
gpiochip_add_data: registered GPIOs 32 to 63 on device: gpio1
gpiochip_add_data: registered GPIOs 64 to 95 on device: gpio2
gpiochip_add_data: registered GPIOs 96 to 127 on device: gpio3
gpiochip_add_data: registered GPIOs 128 to 159 on device: gpio4
console [ttyFIQ0] enabled
bootconsole [uart0] disabled
Registered fiq debugger ttyFIQ0
of_get_named_gpiod_flags: parsed 'rockchip,power-ctrl' property of node '/rockchip-suspend[0]' - status (0)
of_get_named_gpiod_flags: parsed 'rockchip,power-ctrl' property of node '/rockchip-suspend[1]' - status (0)
of_get_named_gpiod_flags: can't parse 'gpio' property of node '/vcc3v3-sys[0]'
vcc3v3_sys: 3300 mV 
reg-fixed-voltage vcc3v3-sys: vcc3v3_sys supplying 3300000uV
of_get_named_gpiod_flags: can't parse 'gpio' property of node '/vcc5v0-host-regulator[0]'
vcc5v0_host: 5000 mV 
reg-fixed-voltage vcc5v0-host-regulator: vcc5v0_host supplying 5000000uV
of_get_named_gpiod_flags: can't parse 'gpio' property of node '/vcc5v0-sys[0]'
vcc5v0_sys: 5000 mV 
reg-fixed-voltage vcc5v0-sys: vcc5v0_sys supplying 5000000uV
of_get_named_gpiod_flags: can't parse 'gpio' property of node '/vccadc-ref[0]'
vcc1v8_sys: 1800 mV 
reg-fixed-voltage vccadc-ref: vcc1v8_sys supplying 1800000uV
of_get_named_gpiod_flags: parsed 'gpio' property of node '/vcc-sd[0]' - status (0)
vcc_sd: 3000 mV 
reg-fixed-voltage vcc-sd: vcc_sd supplying 3000000uV
of_get_named_gpiod_flags: can't parse 'gpio' property of node '/vcc-phy-regulator[0]'
vcc_phy: no parameters
reg-fixed-voltage vcc-phy-regulator: vcc_phy supplying 0uV
of_get_named_gpiod_flags: parsed 'gpio' property of node '/vcc-lcd[0]' - status (0)
reg-fixed-voltage vcc-lcd: Looking up vin-supply from device tree
vcc_lcd: supplied by vcc5v0_sys
vcc5v0_sys: could not add device link regulator.7 err -2
vcc_lcd: 3300 mV 
reg-fixed-voltage vcc-lcd: vcc_lcd supplying 3300000uV
iommu: Adding device ff650000.vpu_service to group 0
iommu: Adding device ff660000.rkvdec to group 1
iommu: Adding device ff8f0000.vop to group 2
iommu: Adding device ff900000.vop to group 3
iommu: Adding device ff910000.cif_isp to group 4
iommu: Adding device ff920000.cif_isp to group 5
SCSI subsystem initialized
libata version 3.00 loaded.
usbcore: registered new interface driver usbfs
usbcore: registered new interface driver hub
usbcore: registered new device driver usb
media: Linux media interface: v0.10
Linux video capture interface: v2.00
pps_core: LinuxPPS API ver. 1 registered
pps_core: Software ver. 5.3.6 - Copyright 2005-2007 Rodolfo Giometti <giometti@linux.it>
PTP clock support registered
Advanced Linux Sound Architecture Driver Initialized.
Bluetooth: Core ver 2.21
NET: Registered protocol family 31
Bluetooth: HCI device and connection manager initialized
Bluetooth: HCI socket layer initialized
Bluetooth: L2CAP socket layer initialized
Bluetooth: SCO socket layer initialized
rockchip-cpuinfo cpuinfo: Serial		: 1f68e2e0ba286e58
clocksource: Switched to clocksource arch_sys_counter
FS-Cache: Loaded
CacheFiles: Loaded
thermal thermal_zone1: power_allocator: sustainable_power will be estimated
NET: Registered protocol family 2
TCP established hash table entries: 32768 (order: 6, 262144 bytes)
TCP bind hash table entries: 32768 (order: 8, 1048576 bytes)
TCP: Hash tables configured (established 32768 bind 32768)
UDP hash table entries: 2048 (order: 5, 196608 bytes)
UDP-Lite hash table entries: 2048 (order: 5, 196608 bytes)
NET: Registered protocol family 1
RPC: Registered named UNIX socket transport module.
RPC: Registered udp transport module.
RPC: Registered tcp transport module.
RPC: Registered tcp NFSv4.1 backchannel transport module.
PCI: CLS 0 bytes, default 64
Trying to unpack rootfs image as initramfs...
Freeing initrd memory: 4404K
hw perfevents: enabled with armv8_cortex_a53 PMU driver, 7 counters available
hw perfevents: enabled with armv8_cortex_a72 PMU driver, 7 counters available
Initialise system trusted keyring
HugeTLB registered 2 MB page size, pre-allocated 0 pages
squashfs: version 4.0 (2009/01/31) Phillip Lougher
NFS: Registering the id_resolver key type
Key type id_resolver registered
Key type id_legacy registered
fuse init (API version 7.23)
NET: Registered protocol family 38
Key type asymmetric registered
Asymmetric key parser 'x509' registered
Block layer SCSI generic (bsg) driver version 0.4 loaded (major 247)
io scheduler noop registered
io scheduler deadline registered
io scheduler cfq registered (default)
phy phy-ff770000.syscon:usb2-phy@e460.0: Looking up phy-supply from device tree
vcc5v0_host: could not add device link phy-ff770000.syscon:usb2-phy@e460.0 err -2
phy phy-ff770000.syscon:usb2-phy@e460.1: Looking up phy-supply from device tree
phy phy-ff770000.syscon:usb2-phy@e460.1: Looking up phy-supply property in node /syscon@ff770000/usb2-phy@e460/otg-port failed
phy phy-ff770000.syscon:usb2-phy@e460.1: Looking up vbus-supply from device tree
phy phy-ff770000.syscon:usb2-phy@e460.1: Looking up vbus-supply property in node /syscon@ff770000/usb2-phy@e460/otg-port failed
phy phy-ff770000.syscon:usb2-phy@e460.1: Failed to get VBUS supply regulator
phy phy-ff770000.syscon:phy@f780.2: Looking up phy-supply from device tree
phy phy-ff770000.syscon:phy@f780.2: Looking up phy-supply property in node /syscon@ff770000/phy@f780 failed
phy phy-ff800000.phy.3: Looking up phy-supply from device tree
phy phy-ff800000.phy.3: Looking up phy-supply property in node /phy@ff800000/dp-port failed
phy phy-ff800000.phy.4: Looking up phy-supply from device tree
phy phy-ff800000.phy.4: Looking up phy-supply property in node /phy@ff800000/usb3-port failed
phy phy-pcie-phy.5: Looking up phy-supply from device tree
phy phy-pcie-phy.5: Looking up phy-supply property in node /pcie-phy failed
rockchip-pcie f8000000.pcie: GPIO lookup for consumer ep
rockchip-pcie f8000000.pcie: using device tree for GPIO lookup
of_get_named_gpiod_flags: parsed 'ep-gpios' property of node '/pcie@f8000000[0]' - status (0)
rockchip-pcie f8000000.pcie: Looking up vpcie3v3-supply from device tree
rockchip-pcie f8000000.pcie: Looking up vpcie3v3-supply property in node /pcie@f8000000 failed
rockchip-pcie f8000000.pcie: no vpcie3v3 regulator found
rockchip-pcie f8000000.pcie: Looking up vpcie1v8-supply from device tree
rockchip-pcie f8000000.pcie: Looking up vpcie1v8-supply property in node /pcie@f8000000 failed
rockchip-pcie f8000000.pcie: no vpcie1v8 regulator found
rockchip-pcie f8000000.pcie: Looking up vpcie0v9-supply from device tree
rockchip-pcie f8000000.pcie: Looking up vpcie0v9-supply property in node /pcie@f8000000 failed
rockchip-pcie f8000000.pcie: no vpcie0v9 regulator found
rockchip-pcie f8000000.pcie: PCIe link training gen1 timeout!
rockchip-pcie: probe of f8000000.pcie failed with error -110
pwm-backlight backlight: GPIO lookup for consumer enable
pwm-backlight backlight: using device tree for GPIO lookup
of_get_named_gpiod_flags: parsed 'enable-gpios' property of node '/backlight[0]' - status (0)
no flags found for enable
pwm-backlight backlight: Looking up power-supply from device tree
pwm-backlight backlight: Looking up power-supply property in node /backlight failed
backlight supply power not found, using dummy regulator
rk-vcodec ff650000.vpu_service: Looking up vcodec-supply from device tree
rk-vcodec ff650000.vpu_service: Looking up vcodec-supply property in node /vpu_service@ff650000 failed
rk-vcodec ff650000.vpu_service: no regulator for vcodec
rk-vcodec ff650000.vpu_service: probe device
rk-vcodec ff650000.vpu_service: drm allocator with mmu enabled
rk-vcodec ff650000.vpu_service: could not find power_model node
rk-vcodec ff650000.vpu_service: init success
rk-vcodec ff660000.rkvdec: Looking up vcodec-supply from device tree
rk-vcodec ff660000.rkvdec: Looking up vcodec-supply property in node /rkvdec@ff660000 failed
rk-vcodec ff660000.rkvdec: no regulator for vcodec
rk-vcodec ff660000.rkvdec: probe device
rk-vcodec ff660000.rkvdec: drm allocator with mmu enabled
rk-vcodec ff660000.rkvdec: could not find power_model node
rk-vcodec ff660000.rkvdec: init success
dma-pl330 ff6d0000.dma-controller: Loaded driver for PL330 DMAC-241330
dma-pl330 ff6d0000.dma-controller: 	DBUFF-32x8bytes Num_Chans-6 Num_Peri-12 Num_Events-12
dma-pl330 ff6e0000.dma-controller: Loaded driver for PL330 DMAC-241330
dma-pl330 ff6e0000.dma-controller: 	DBUFF-128x8bytes Num_Chans-8 Num_Peri-20 Num_Events-16
pwm-regulator vdd-log: GPIO lookup for consumer enable
pwm-regulator vdd-log: using device tree for GPIO lookup
of_get_named_gpiod_flags: can't parse 'enable-gpios' property of node '/vdd-log[0]'
of_get_named_gpiod_flags: can't parse 'enable-gpio' property of node '/vdd-log[0]'
pwm-regulator vdd-log: using lookup tables for GPIO lookup
pwm-regulator vdd-log: lookup for GPIO enable failed
pwm-regulator vdd-log: Looking up pwm-supply from device tree
pwm-regulator vdd-log: Looking up pwm-supply property in node /vdd-log failed
vdd_log: 800 <--> 1400 mV at 896 mV 
pwm-regulator vdd-log: Looking up pwm-supply from device tree
pwm-regulator vdd-log: Looking up pwm-supply property in node /vdd-log failed
pwm-regulator vdd-log: Looking up pwm-supply from device tree
pwm-regulator vdd-log: Looking up pwm-supply property in node /vdd-log failed
rockchip-pinctrl pinctrl: pin gpio4-19 already requested by fiq-debugger; cannot claim for ff1a0000.serial
rockchip-pinctrl pinctrl: pin-147 (ff1a0000.serial) status -22
rockchip-pinctrl pinctrl: could not request pin 147 (gpio4-19) from group uart2c-xfer  on device rockchip-pinctrl
[drm] Initialized drm 1.1.0 20060810
[drm] Rockchip DRM driver version: v1.0.1
panel-friendlyelec edp-panel: Looking up power-supply from device tree
panel-friendlyelec edp-panel: GPIO lookup for consumer enable
panel-friendlyelec edp-panel: using device tree for GPIO lookup
of_get_named_gpiod_flags: can't parse 'enable-gpios' property of node '/edp-panel[0]'
of_get_named_gpiod_flags: can't parse 'enable-gpio' property of node '/edp-panel[0]'
panel-friendlyelec edp-panel: using lookup tables for GPIO lookup
panel-friendlyelec edp-panel: lookup for GPIO enable failed
mali ff9a0000.gpu: Looking up mali-supply from device tree
mali ff9a0000.gpu: Failed to get regulator
mali ff9a0000.gpu: Power control initialization failed
Unable to detect cache hierarchy for CPU 0
brd: module loaded
loop: module loaded
zram: Added device: zram0
lkdtm: No crash points registered, enable through debugfs
rk_gmac-dwmac fe300000.ethernet: Looking up phy-supply from device tree
rk_gmac-dwmac fe300000.ethernet: clock input or output? (input).
rk_gmac-dwmac fe300000.ethernet: TX delay(0x28).
rk_gmac-dwmac fe300000.ethernet: RX delay(0x11).
rk_gmac-dwmac fe300000.ethernet: integrated PHY? (no).
rk_gmac-dwmac fe300000.ethernet: cannot get clock clk_mac_speed
rk_gmac-dwmac fe300000.ethernet: clock input from PHY
rk_gmac-dwmac fe300000.ethernet: init for RGMII
stmmac - user ID: 0x10, Synopsys ID: 0x35
 Ring mode enabled
 DMA HW capability register supported
 Normal descriptors
 RX Checksum Offload Engine supported (type 2)
 TX Checksum insertion supported
 Wake-Up On Lan supported
 Enable RX Mitigation via HW Watchdog Timer
of_get_named_gpiod_flags: parsed 'snps,reset-gpio' property of node '/ethernet@fe300000[0]' - status (0)
libphy: stmmac: probed
eth%d: PHY ID 001cc915 at 0 IRQ POLL (stmmac-0:00) active
eth%d: PHY ID 001cc915 at 1 IRQ POLL (stmmac-0:01)
PPP generic driver version 2.4.2
Rockchip WiFi SYS interface (V1.00) ... 
usbcore: registered new interface driver asix
usbcore: registered new interface driver ax88179_178a
usbcore: registered new interface driver cdc_ether
usbcore: registered new interface driver rndis_host
usbcore: registered new interface driver cdc_ncm
usbcore: registered new interface driver cdc_mbim
rockchip-dwc3 usb@fe800000: failed to get drvdata dwc3
rockchip-dwc3 usb@fe900000: fail to get drvdata hcd
ehci_hcd: USB 2.0 'Enhanced' Host Controller (EHCI) Driver
ehci-pci: EHCI PCI platform driver
ehci-platform: EHCI generic platform driver
ehci-platform fe3c0000.usb: EHCI Host Controller
ehci-platform fe3c0000.usb: new USB bus registered, assigned bus number 1
ehci-platform fe3c0000.usb: irq 30, io mem 0xfe3c0000
ehci-platform fe3c0000.usb: USB 2.0 started, EHCI 1.00
usb usb1: New USB device found, idVendor=1d6b, idProduct=0002
usb usb1: New USB device strings: Mfr=3, Product=2, SerialNumber=1
usb usb1: Product: EHCI Host Controller
usb usb1: Manufacturer: Linux 4.4.143 ehci_hcd
usb usb1: SerialNumber: fe3c0000.usb
hub 1-0:1.0: USB hub found
hub 1-0:1.0: 1 port detected
ohci_hcd: USB 1.1 'Open' Host Controller (OHCI) Driver
ohci-platform: OHCI generic platform driver
ohci-platform fe3e0000.usb: Generic Platform OHCI controller
ohci-platform fe3e0000.usb: new USB bus registered, assigned bus number 2
ohci-platform fe3e0000.usb: irq 31, io mem 0xfe3e0000
usb usb2: New USB device found, idVendor=1d6b, idProduct=0001
usb usb2: New USB device strings: Mfr=3, Product=2, SerialNumber=1
usb usb2: Product: Generic Platform OHCI controller
usb usb2: Manufacturer: Linux 4.4.143 ohci_hcd
usb usb2: SerialNumber: fe3e0000.usb
hub 2-0:1.0: USB hub found
hub 2-0:1.0: 1 port detected
usbcore: registered new interface driver cdc_acm
cdc_acm: USB Abstract Control Model driver for USB modems and ISDN adapters
usbcore: registered new interface driver cdc_wdm
usbcore: registered new interface driver uas
usbcore: registered new interface driver usb-storage
usbcore: registered new interface driver usbserial
usbcore: registered new interface driver usbserial_generic
usbcore: registered new interface driver ch341
usbcore: registered new interface driver cp210x
usbcore: registered new interface driver ftdi_sio
usbcore: registered new interface driver keyspan
usbcore: registered new interface driver option
usbcore: registered new interface driver oti6858
usbcore: registered new interface driver pl2303
usbcore: registered new interface driver qcserial
usbcore: registered new interface driver sierra
mousedev: PS/2 mouse device common for all mice
<<-GTP-INFO->> GTP driver installing
i2c /dev entries driver
fan53555-regulator 0-0040: GPIO lookup for consumer vsel
fan53555-regulator 0-0040: using device tree for GPIO lookup
of_get_named_gpiod_flags: parsed 'vsel-gpios' property of node '/i2c@ff3c0000/syr827@40[0]' - status (0)
fan53555-regulator 0-0040: FAN53555 Option[8] Rev[1] Detected!
fan53555-regulator 0-0040: Looking up vin-supply from device tree
fan53555-reg: supplied by vcc3v3_sys
vcc3v3_sys: could not add device link regulator.9 err -2
vdd_cpu_b: 712 <--> 1500 mV at 1000 mV 
pwm-regulator vdd-log: Looking up pwm-supply from device tree
pwm-regulator vdd-log: Looking up pwm-supply property in node /vdd-log failed
fan53555-regulator 0-0041: GPIO lookup for consumer vsel
fan53555-regulator 0-0041: using device tree for GPIO lookup
of_get_named_gpiod_flags: parsed 'vsel-gpios' property of node '/i2c@ff3c0000/syr828@41[0]' - status (0)
fan53555-regulator 0-0041: FAN53555 Option[8] Rev[1] Detected!
fan53555-regulator 0-0041: Looking up vin-supply from device tree
fan53555-reg: supplied by vcc3v3_sys
vcc3v3_sys: could not add device link regulator.10 err -2
vdd_gpu: 712 <--> 1500 mV at 1000 mV 
pwm-regulator vdd-log: Looking up pwm-supply from device tree
pwm-regulator vdd-log: Looking up pwm-supply property in node /vdd-log failed
rk808 0-001b: Pmic Chip id: 0x0
rk808 0-001b: GPIO lookup for consumer dvs
rk808 0-001b: using device tree for GPIO lookup
of_get_named_gpiod_flags: can't parse 'dvs-gpios' property of node '/i2c@ff3c0000/pmic@1b[0]'
of_get_named_gpiod_flags: can't parse 'dvs-gpio' property of node '/i2c@ff3c0000/pmic@1b[0]'
rk808 0-001b: using lookup tables for GPIO lookup
rk808 0-001b: lookup for GPIO dvs failed
rk808-regulator rk808-regulator: there is no dvs0 gpio
rk808 0-001b: GPIO lookup for consumer dvs
rk808 0-001b: using device tree for GPIO lookup
of_get_named_gpiod_flags: can't parse 'dvs-gpios' property of node '/i2c@ff3c0000/pmic@1b[1]'
of_get_named_gpiod_flags: can't parse 'dvs-gpio' property of node '/i2c@ff3c0000/pmic@1b[1]'
rk808 0-001b: using lookup tables for GPIO lookup
rk808 0-001b: lookup for GPIO dvs failed
rk808-regulator rk808-regulator: there is no dvs1 gpio
rk808 0-001b: Looking up vcc1-supply from device tree
DCDC_REG1: supplied by vcc3v3_sys
vcc3v3_sys: could not add device link regulator.11 err -2
vdd_center: 750 <--> 1350 mV at 900 mV 
pwm-regulator vdd-log: Looking up pwm-supply from device tree
pwm-regulator vdd-log: Looking up pwm-supply property in node /vdd-log failed
rk808 0-001b: Looking up vcc2-supply from device tree
DCDC_REG2: supplied by vcc3v3_sys
vcc3v3_sys: could not add device link regulator.12 err -2
vdd_cpu_l: 750 <--> 1350 mV at 900 mV 
pwm-regulator vdd-log: Looking up pwm-supply from device tree
pwm-regulator vdd-log: Looking up pwm-supply property in node /vdd-log failed
rk808 0-001b: Looking up vcc3-supply from device tree
DCDC_REG3: supplied by vcc3v3_sys
vcc3v3_sys: could not add device link regulator.13 err -2
vcc_ddr: at 3300 mV 
pwm-regulator vdd-log: Looking up pwm-supply from device tree
pwm-regulator vdd-log: Looking up pwm-supply property in node /vdd-log failed
rk808 0-001b: Looking up vcc4-supply from device tree
DCDC_REG4: supplied by vcc3v3_sys
vcc3v3_sys: could not add device link regulator.14 err -2
vcc_1v8: 1800 mV 
pwm-regulator vdd-log: Looking up pwm-supply from device tree
pwm-regulator vdd-log: Looking up pwm-supply property in node /vdd-log failed
rk808 0-001b: Looking up vcc6-supply from device tree
LDO_REG1: supplied by vcc3v3_sys
vcc3v3_sys: could not add device link regulator.15 err -2
vcc1v8_dvp: 1800 mV 
pwm-regulator vdd-log: Looking up pwm-supply from device tree
pwm-regulator vdd-log: Looking up pwm-supply property in node /vdd-log failed
rk808 0-001b: Looking up vcc6-supply from device tree
LDO_REG2: supplied by vcc3v3_sys
vcc3v3_sys: could not add device link regulator.16 err -2
vcc3v0_tp: 3000 mV 
pwm-regulator vdd-log: Looking up pwm-supply from device tree
pwm-regulator vdd-log: Looking up pwm-supply property in node /vdd-log failed
rk808 0-001b: Looking up vcc7-supply from device tree
LDO_REG3: supplied by vcc3v3_sys
vcc3v3_sys: could not add device link regulator.17 err -2
vcc1v8_pmu: 1800 mV 
pwm-regulator vdd-log: Looking up pwm-supply from device tree
pwm-regulator vdd-log: Looking up pwm-supply property in node /vdd-log failed
rk808 0-001b: Looking up vcc9-supply from device tree
LDO_REG4: supplied by vcc3v3_sys
vcc3v3_sys: could not add device link regulator.18 err -2
vccio_sd: 1800 <--> 3300 mV at 3000 mV 
pwm-regulator vdd-log: Looking up pwm-supply from device tree
pwm-regulator vdd-log: Looking up pwm-supply property in node /vdd-log failed
rk808 0-001b: Looking up vcc9-supply from device tree
LDO_REG5: supplied by vcc3v3_sys
vcc3v3_sys: could not add device link regulator.19 err -2
vcca3v0_codec: 3000 mV 
pwm-regulator vdd-log: Looking up pwm-supply from device tree
pwm-regulator vdd-log: Looking up pwm-supply property in node /vdd-log failed
rk808 0-001b: Looking up vcc10-supply from device tree
LDO_REG6: supplied by vcc3v3_sys
vcc3v3_sys: could not add device link regulator.20 err -2
vcc_1v5: 1500 mV 
pwm-regulator vdd-log: Looking up pwm-supply from device tree
pwm-regulator vdd-log: Looking up pwm-supply property in node /vdd-log failed
rk808 0-001b: Looking up vcc7-supply from device tree
LDO_REG7: supplied by vcc3v3_sys
vcc3v3_sys: could not add device link regulator.21 err -2
vcca1v8_codec: 1800 mV 
pwm-regulator vdd-log: Looking up pwm-supply from device tree
pwm-regulator vdd-log: Looking up pwm-supply property in node /vdd-log failed
rk808 0-001b: Looking up vcc11-supply from device tree
LDO_REG8: supplied by vcc3v3_sys
vcc3v3_sys: could not add device link regulator.22 err -2
vcc_3v0: 3000 mV 
pwm-regulator vdd-log: Looking up pwm-supply from device tree
pwm-regulator vdd-log: Looking up pwm-supply property in node /vdd-log failed
rk808 0-001b: Looking up vcc8-supply from device tree
SWITCH_REG1: supplied by vcc3v3_sys
vcc3v3_sys: could not add device link regulator.23 err -2
vcc3v3_s3: at 3300 mV 
pwm-regulator vdd-log: Looking up pwm-supply from device tree
pwm-regulator vdd-log: Looking up pwm-supply property in node /vdd-log failed
rk808 0-001b: Looking up vcc12-supply from device tree
SWITCH_REG2: supplied by vcc3v3_sys
vcc3v3_sys: could not add device link regulator.24 err -2
vcc3v3_s0: at 3300 mV 
pwm-regulator vdd-log: Looking up pwm-supply from device tree
pwm-regulator vdd-log: Looking up pwm-supply property in node /vdd-log failed
rk808-rtc rk808-rtc: rtc core: registered rk808-rtc as rtc0
rk3x-i2c ff3c0000.i2c: Initialized RK3xxx I2C bus at ffffff800955e000
rk3x-i2c ff110000.i2c: Initialized RK3xxx I2C bus at ffffff8009572000
rk3x-i2c ff120000.i2c: Initialized RK3xxx I2C bus at ffffff8009574000
rk3x-i2c ff160000.i2c: Initialized RK3xxx I2C bus at ffffff8009576000
fusb302 4-0022: GPIO lookup for consumer int-n
fusb302 4-0022: using device tree for GPIO lookup
of_get_named_gpiod_flags: parsed 'int-n-gpios' property of node '/i2c@ff3d0000/fusb30x@22[0]' - status (0)
fusb302 4-0022: GPIO lookup for consumer vbus-5v
fusb302 4-0022: using device tree for GPIO lookup
of_get_named_gpiod_flags: parsed 'vbus-5v-gpios' property of node '/i2c@ff3d0000/fusb30x@22[0]' - status (0)
fusb302 4-0022: GPIO lookup for consumer vbus-other
fusb302 4-0022: using device tree for GPIO lookup
of_get_named_gpiod_flags: can't parse 'vbus-other-gpios' property of node '/i2c@ff3d0000/fusb30x@22[0]'
of_get_named_gpiod_flags: can't parse 'vbus-other-gpio' property of node '/i2c@ff3d0000/fusb30x@22[0]'
fusb302 4-0022: using lookup tables for GPIO lookup
fusb302 4-0022: lookup for GPIO vbus-other failed
fusb302 4-0022: GPIO lookup for consumer discharge
fusb302 4-0022: using device tree for GPIO lookup
of_get_named_gpiod_flags: can't parse 'discharge-gpios' property of node '/i2c@ff3d0000/fusb30x@22[0]'
of_get_named_gpiod_flags: can't parse 'discharge-gpio' property of node '/i2c@ff3d0000/fusb30x@22[0]'
fusb302 4-0022: using lookup tables for GPIO lookup
fusb302 4-0022: lookup for GPIO discharge failed
fusb302 4-0022: Can't get property of role, set role to default DRP
fusb302 4-0022: port 0 probe success with role ROLE_MODE_DRP, try_role ROLE_MODE_NONE
rk3x-i2c ff3d0000.i2c: Initialized RK3xxx I2C bus at ffffff8009578000
rk-ov4689 1-0036: probing...
rk-ov4689 1-0036: probing successful
rk-ov4689 2-0036: probing...
rk-ov4689 2-0036: probing successful
rk-ov13850 1-0010: probing...
rk-ov13850 1-0010: probing successful
rk-ov13850 2-0010: probing...
rk-ov13850 2-0010: probing successful
IR NEC protocol handler initialized
usbcore: registered new interface driver uvcvideo
USB Video Class driver (1.1.1)
rockchip-iodomain ff320000.syscon:io-domains: Looking up pmu1830-supply from device tree
rockchip-iodomain ff770000.syscon:io-domains: Looking up bt656-supply from device tree
rockchip-iodomain ff770000.syscon:io-domains: Looking up audio-supply from device tree
rockchip-iodomain ff770000.syscon:io-domains: Looking up sdmmc-supply from device tree
rockchip-iodomain ff770000.syscon:io-domains: Looking up gpio1830-supply from device tree
rk_tsadcv2_temp_to_code: Invalid conversion table: code=1023, temperature=2147483647
rockchip-thermal ff260000.tsadc: tsadc is probed successfully!
device-mapper: uevent: version 1.0.3
device-mapper: ioctl: 4.34.0-ioctl (2015-10-28) initialised: dm-devel@redhat.com
Bluetooth: Virtual HCI driver ver 1.5
Bluetooth: HCI UART driver ver 2.3
Bluetooth: HCI UART protocol H4 registered
Bluetooth: HCI UART protocol LL registered
Bluetooth: HCI UART protocol ATH3K registered
usbcore: registered new interface driver bfusb
usbcore: registered new interface driver btusb
cpu cpu0: leakage=16
cpu cpu0: Looking up cpu-supply from device tree
cpu cpu4: leakage=28
cpu cpu4: Looking up cpu-supply from device tree
cpu cpu0: Looking up cpu-supply from device tree
cpu cpu0: Looking up cpu-supply from device tree
cpu cpu0: l=0 h=2147483647 hyst=5000 l_limit=0 h_limit=0
cpu cpu4: Looking up cpu-supply from device tree
cpu cpu4: l=0 h=2147483647 hyst=5000 l_limit=0 h_limit=0
sdhci: Secure Digital Host Controller Interface driver
sdhci: Copyright(c) Pierre Ossman
Synopsys Designware Multimedia Card Interface Driver
dwmmc_rockchip fe310000.dwmmc: IDMAC supports 32-bit address mode.
dwmmc_rockchip fe310000.dwmmc: Using internal DMA controller.
dwmmc_rockchip fe310000.dwmmc: Version ID is 270a
dwmmc_rockchip fe310000.dwmmc: DW MMC controller at irq 25,32 bit host data width,256 deep fifo
dwmmc_rockchip fe310000.dwmmc: 'clock-freq-min-max' property was deprecated.
dwmmc_rockchip fe310000.dwmmc: Looking up vmmc-supply from device tree
dwmmc_rockchip fe310000.dwmmc: Looking up vmmc-supply property in node /dwmmc@fe310000 failed
dwmmc_rockchip fe310000.dwmmc: Looking up vqmmc-supply from device tree
dwmmc_rockchip fe310000.dwmmc: Looking up vqmmc-supply property in node /dwmmc@fe310000 failed
dwmmc_rockchip fe310000.dwmmc: No vmmc regulator found
dwmmc_rockchip fe310000.dwmmc: No vqmmc regulator found
dwmmc_rockchip fe310000.dwmmc: GPIO lookup for consumer wp
dwmmc_rockchip fe310000.dwmmc: using device tree for GPIO lookup
of_get_named_gpiod_flags: can't parse 'wp-gpios' property of node '/dwmmc@fe310000[0]'
of_get_named_gpiod_flags: can't parse 'wp-gpio' property of node '/dwmmc@fe310000[0]'
dwmmc_rockchip fe310000.dwmmc: using lookup tables for GPIO lookup
dwmmc_rockchip fe310000.dwmmc: lookup for GPIO wp failed
dwmmc_rockchip fe320000.dwmmc: IDMAC supports 32-bit address mode.
dwmmc_rockchip fe320000.dwmmc: Using internal DMA controller.
dwmmc_rockchip fe320000.dwmmc: Version ID is 270a
dwmmc_rockchip fe320000.dwmmc: DW MMC controller at irq 26,32 bit host data width,256 deep fifo
dwmmc_rockchip fe320000.dwmmc: 'clock-freq-min-max' property was deprecated.
dwmmc_rockchip fe320000.dwmmc: Looking up vmmc-supply from device tree
dwmmc_rockchip fe320000.dwmmc: Looking up vqmmc-supply from device tree
dwmmc_rockchip fe320000.dwmmc: GPIO lookup for consumer cd
dwmmc_rockchip fe320000.dwmmc: using device tree for GPIO lookup
of_get_named_gpiod_flags: can't parse 'cd-gpios' property of node '/dwmmc@fe320000[0]'
of_get_named_gpiod_flags: can't parse 'cd-gpio' property of node '/dwmmc@fe320000[0]'
dwmmc_rockchip fe320000.dwmmc: using lookup tables for GPIO lookup
dwmmc_rockchip fe320000.dwmmc: lookup for GPIO cd failed
dwmmc_rockchip fe320000.dwmmc: GPIO lookup for consumer wp
dwmmc_rockchip fe320000.dwmmc: using device tree for GPIO lookup
of_get_named_gpiod_flags: can't parse 'wp-gpios' property of node '/dwmmc@fe320000[0]'
of_get_named_gpiod_flags: can't parse 'wp-gpio' property of node '/dwmmc@fe320000[0]'
dwmmc_rockchip fe320000.dwmmc: using lookup tables for GPIO lookup
dwmmc_rockchip fe320000.dwmmc: lookup for GPIO wp failed
rockchip-iodomain ff770000.syscon:io-domains: Setting to 3000000 done
rockchip-iodomain ff770000.syscon:io-domains: Setting to 3000000 done
mmc_host mmc0: Bus speed (slot 0) = 400000Hz (slot req 400000Hz, actual 400000HZ div = 0)
dwmmc_rockchip fe320000.dwmmc: 1 slots initialized
sdhci-pltfm: SDHCI platform and OF driver helper
sdhci-arasan fe330000.sdhci: GPIO lookup for consumer wp
sdhci-arasan fe330000.sdhci: using device tree for GPIO lookup
of_get_named_gpiod_flags: can't parse 'wp-gpios' property of node '/sdhci@fe330000[0]'
of_get_named_gpiod_flags: can't parse 'wp-gpio' property of node '/sdhci@fe330000[0]'
sdhci-arasan fe330000.sdhci: using lookup tables for GPIO lookup
sdhci-arasan fe330000.sdhci: lookup for GPIO wp failed
sdhci-arasan fe330000.sdhci: Looking up vmmc-supply from device tree
sdhci-arasan fe330000.sdhci: Looking up vmmc-supply property in node /sdhci@fe330000 failed
sdhci-arasan fe330000.sdhci: Looking up vqmmc-supply from device tree
sdhci-arasan fe330000.sdhci: Looking up vqmmc-supply property in node /sdhci@fe330000 failed
sdhci-arasan fe330000.sdhci: No vmmc regulator found
sdhci-arasan fe330000.sdhci: No vqmmc regulator found
mmc1: SDHCI controller on fe330000.sdhci [fe330000.sdhci] using ADMA
of_get_named_gpiod_flags: parsed 'gpios' property of node '/gpio-leds/led@1[0]' - status (0)
hidraw: raw HID events driver (C) Jiri Kosina
usbcore: registered new interface driver usbhid
usbhid: USB HID core driver
rockchip-dmc dmc: unable to get devfreq-event device : dfi
rockchip-saradc ff100000.saradc: Looking up vref-supply from device tree
Initializing XFRM netlink socket
NET: Registered protocol family 10
NET: Registered protocol family 17
NET: Registered protocol family 15
Bluetooth: RFCOMM socket layer initialized
Bluetooth: RFCOMM ver 1.11
Bluetooth: HIDP (Human Interface Emulation) ver 1.2
Bluetooth: HIDP socket layer initialized
[WLAN_RFKILL]: Enter rfkill_wlan_init
[WLAN_RFKILL]: Enter rfkill_wlan_probe
[WLAN_RFKILL]: wlan_platdata_parse_dt: wifi_chip_type = ap6354
[WLAN_RFKILL]: wlan_platdata_parse_dt: enable wifi power control.
[WLAN_RFKILL]: wlan_platdata_parse_dt: wifi power controled by gpio.
of_get_named_gpiod_flags: can't parse 'WIFI,poweren_gpio' property of node '/wireless-wlan[0]'
of_get_named_gpiod_flags: can't parse 'WIFI,vbat_gpio' property of node '/wireless-wlan[0]'
of_get_named_gpiod_flags: can't parse 'WIFI,reset_gpio' property of node '/wireless-wlan[0]'
of_get_named_gpiod_flags: parsed 'WIFI,host_wake_irq' property of node '/wireless-wlan[0]' - status (0)
[WLAN_RFKILL]: wlan_platdata_parse_dt: get property: WIFI,host_wake_irq = 3, flags = 0.
[WLAN_RFKILL]: wlan_platdata_parse_dt: The ref_wifi_clk not found !
[WLAN_RFKILL]: rfkill_wlan_probe: init gpio
[WLAN_RFKILL]: Exit rfkill_wlan_probe
[BT_RFKILL]: Enter rfkill_rk_init
of_get_named_gpiod_flags: parsed 'uart_rts_gpios' property of node '/wireless-bluetooth[0]' - status (0)
[BT_RFKILL]: bluetooth_platdata_parse_dt: get property: uart_rts_gpios = 83.
of_get_named_gpiod_flags: can't parse 'BT,power_gpio' property of node '/wireless-bluetooth[0]'
of_get_named_gpiod_flags: parsed 'BT,reset_gpio' property of node '/wireless-bluetooth[0]' - status (0)
[BT_RFKILL]: bluetooth_platdata_parse_dt: get property: BT,reset_gpio = 9.
of_get_named_gpiod_flags: parsed 'BT,wake_gpio' property of node '/wireless-bluetooth[0]' - status (0)
[BT_RFKILL]: bluetooth_platdata_parse_dt: get property: BT,wake_gpio = 90.
of_get_named_gpiod_flags: parsed 'BT,wake_host_irq' property of node '/wireless-bluetooth[0]' - status (0)
[BT_RFKILL]: bluetooth_platdata_parse_dt: get property: BT,wake_host_irq = 4.
[BT_RFKILL]: Request irq for bt wakeup host
[BT_RFKILL]: ** disable irq
[BT_RFKILL]: bt_default device registered.
Key type dns_resolver registered
cif_isp10_v4l2_drv_probe: CIF ISP10 driver version: v0.2.1
cif_isp10_pltfrm_dev_init(886) ERR: could not get default pinstate
cif_isp10_pltfrm_dev_init WARN: could not get pins_sleep pinstate
cif_isp10_pltfrm_dev_init WARN: could not get pins_inactive pinstate
of_get_named_gpiod_flags: parsed 'rockchip,pd-gpio' property of node '/i2c@ff110000/ov13850@10[0]' - status (0)
of_get_named_gpiod_flags: can't parse 'rockchip,pwr-gpio' property of node '/i2c@ff110000/ov13850@10[0]'
of_get_named_gpiod_flags: can't parse 'rockchip,pwr-2nd-gpio' property of node '/i2c@ff110000/ov13850@10[0]'
of_get_named_gpiod_flags: can't parse 'rockchip,pwr-3rd-gpio' property of node '/i2c@ff110000/ov13850@10[0]'
of_get_named_gpiod_flags: can't parse 'rockchip,flash-gpio' property of node '/i2c@ff110000/ov13850@10[0]'
of_get_named_gpiod_flags: can't parse 'rockchip,torch-gpio' property of node '/i2c@ff110000/ov13850@10[0]'
of_get_named_gpiod_flags: parsed 'rockchip,rst-gpio' property of node '/i2c@ff110000/ov13850@10[0]' - status (0)
mmc1: error -84 whilst initialising MMC card
rk-ov13850.ov_camera_module_write_config(180) ERR: no active sensor configuration
rk-ov13850.ov_camera_module_write_config(231) ERR: failed with error -14
rk-ov13850.pltfrm_camera_module_read_reg(1035) ERR: i2c read from offset 0x0000300a failed with error -6
rk-ov13850.pltfrm_camera_module_read_reg(1035) ERR: i2c read from offset 0x0000300b failed with error -6
rk-ov13850.ov13850_check_camera_id(1858) ERR: register read failed, camera module powered off?
rk-ov13850.ov13850_check_camera_id(1876) ERR: failed with error (-6)
rk-ov13850.ov_camera_module_attach(254) ERR: failed with error -6
cif_isp10_img_src_v4l2_i2c_subdev_to_img_src(59) ERR: failed with error -6
cif_isp10_img_src_to_img_src(70) ERR: to_img_src failed!
cif_isp10_img_src_to_img_src(78) ERR: failed with error -14
of_get_named_gpiod_flags: parsed 'rockchip,pd-gpio' property of node '/i2c@ff110000/ov4689@36[0]' - status (0)
of_get_named_gpiod_flags: can't parse 'rockchip,pwr-gpio' property of node '/i2c@ff110000/ov4689@36[0]'
of_get_named_gpiod_flags: can't parse 'rockchip,pwr-2nd-gpio' property of node '/i2c@ff110000/ov4689@36[0]'
of_get_named_gpiod_flags: can't parse 'rockchip,pwr-3rd-gpio' property of node '/i2c@ff110000/ov4689@36[0]'
of_get_named_gpiod_flags: can't parse 'rockchip,flash-gpio' property of node '/i2c@ff110000/ov4689@36[0]'
of_get_named_gpiod_flags: can't parse 'rockchip,torch-gpio' property of node '/i2c@ff110000/ov4689@36[0]'
of_get_named_gpiod_flags: parsed 'rockchip,rst-gpio' property of node '/i2c@ff110000/ov4689@36[0]' - status (0)
rk-ov4689.ov_camera_module_write_config(180) ERR: no active sensor configuration
rk-ov4689.ov_camera_module_write_config(231) ERR: failed with error -14
rk-ov4689.pltfrm_camera_module_read_reg(1035) ERR: i2c read from offset 0x0000300a failed with error -6
rk-ov4689.pltfrm_camera_module_read_reg(1035) ERR: i2c read from offset 0x0000300b failed with error -6
rk-ov4689.ov4689_check_camera_id(860) ERR: register read failed, camera module powered off?
rk-ov4689.ov4689_check_camera_id(878) ERR: failed with error (-6)
rk-ov4689.ov_camera_module_attach(254) ERR: failed with error -6
cif_isp10_img_src_v4l2_i2c_subdev_to_img_src(59) ERR: failed with error -6
cif_isp10_img_src_to_img_src(70) ERR: to_img_src failed!
cif_isp10_img_src_to_img_src(78) ERR: failed with error -14
cif_isp10_img_srcs_init(1101) ERR: failed with error -14
cif_isp10_create(5980) ERR: cif_isp10_img_srcs_init failed
cif_isp10_create(6017) ERR: failed with error -14
cif_isp10_v4l2_drv_probe: CIF ISP10 driver version: v0.2.1
cif_isp10_pltfrm_dev_init(886) ERR: could not get default pinstate
cif_isp10_pltfrm_dev_init WARN: could not get pins_sleep pinstate
cif_isp10_pltfrm_dev_init WARN: could not get pins_inactive pinstate
of_get_named_gpiod_flags: parsed 'rockchip,pd-gpio' property of node '/i2c@ff120000/ov13850@10[0]' - status (0)
of_get_named_gpiod_flags: can't parse 'rockchip,pwr-gpio' property of node '/i2c@ff120000/ov13850@10[0]'
of_get_named_gpiod_flags: can't parse 'rockchip,pwr-2nd-gpio' property of node '/i2c@ff120000/ov13850@10[0]'
of_get_named_gpiod_flags: can't parse 'rockchip,pwr-3rd-gpio' property of node '/i2c@ff120000/ov13850@10[0]'
of_get_named_gpiod_flags: can't parse 'rockchip,flash-gpio' property of node '/i2c@ff120000/ov13850@10[0]'
of_get_named_gpiod_flags: can't parse 'rockchip,torch-gpio' property of node '/i2c@ff120000/ov13850@10[0]'
of_get_named_gpiod_flags: parsed 'rockchip,rst-gpio' property of node '/i2c@ff120000/ov13850@10[0]' - status (0)
rockchip-iodomain ff770000.syscon:io-domains: Setting to 3000000 done
vccio_sd: ramp_delay not set
rockchip-iodomain ff770000.syscon:io-domains: Setting to 1800000 done
mmc1: error -84 whilst initialising MMC card
rk-ov13850.ov_camera_module_write_config(180) ERR: no active sensor configuration
rk-ov13850.ov_camera_module_write_config(231) ERR: failed with error -14
rk-ov13850.pltfrm_camera_module_read_reg(1035) ERR: i2c read from offset 0x0000300a failed with error -6
rk-ov13850.pltfrm_camera_module_read_reg(1035) ERR: i2c read from offset 0x0000300b failed with error -6
rk-ov13850.ov13850_check_camera_id(1858) ERR: register read failed, camera module powered off?
rk-ov13850.ov13850_check_camera_id(1876) ERR: failed with error (-6)
rk-ov13850.ov_camera_module_attach(254) ERR: failed with error -6
cif_isp10_img_src_v4l2_i2c_subdev_to_img_src(59) ERR: failed with error -6
cif_isp10_img_src_to_img_src(70) ERR: to_img_src failed!
cif_isp10_img_src_to_img_src(78) ERR: failed with error -14
of_get_named_gpiod_flags: parsed 'rockchip,pd-gpio' property of node '/i2c@ff120000/ov4689@36[0]' - status (0)
of_get_named_gpiod_flags: can't parse 'rockchip,pwr-gpio' property of node '/i2c@ff120000/ov4689@36[0]'
of_get_named_gpiod_flags: can't parse 'rockchip,pwr-2nd-gpio' property of node '/i2c@ff120000/ov4689@36[0]'
of_get_named_gpiod_flags: can't parse 'rockchip,pwr-3rd-gpio' property of node '/i2c@ff120000/ov4689@36[0]'
of_get_named_gpiod_flags: can't parse 'rockchip,flash-gpio' property of node '/i2c@ff120000/ov4689@36[0]'
of_get_named_gpiod_flags: can't parse 'rockchip,torch-gpio' property of node '/i2c@ff120000/ov4689@36[0]'
of_get_named_gpiod_flags: parsed 'rockchip,rst-gpio' property of node '/i2c@ff120000/ov4689@36[0]' - status (0)
mmc_host mmc0: Bus speed (slot 0) = 150000000Hz (slot req 150000000Hz, actual 150000000HZ div = 0)
rk-ov4689.ov_camera_module_write_config(180) ERR: no active sensor configuration
rk-ov4689.ov_camera_module_write_config(231) ERR: failed with error -14
rk-ov4689.pltfrm_camera_module_read_reg(1035) ERR: i2c read from offset 0x0000300a failed with error -6
rk-ov4689.pltfrm_camera_module_read_reg(1035) ERR: i2c read from offset 0x0000300b failed with error -6
rk-ov4689.ov4689_check_camera_id(860) ERR: register read failed, camera module powered off?
rk-ov4689.ov4689_check_camera_id(878) ERR: failed with error (-6)
rk-ov4689.ov_camera_module_attach(254) ERR: failed with error -6
cif_isp10_img_src_v4l2_i2c_subdev_to_img_src(59) ERR: failed with error -6
cif_isp10_img_src_to_img_src(70) ERR: to_img_src failed!
cif_isp10_img_src_to_img_src(78) ERR: failed with error -14
cif_isp10_img_srcs_init(1101) ERR: failed with error -14
cif_isp10_create(5980) ERR: cif_isp10_img_srcs_init failed
cif_isp10_create(6017) ERR: failed with error -14
Registered cp15_barrier emulation handler
Registered setend emulation handler
Loading compiled-in X.509 certificates
phy phy-ff770000.syscon:usb2-phy@e450.6: Looking up phy-supply from device tree
vcc5v0_host: could not add device link phy-ff770000.syscon:usb2-phy@e450.6 err -2
phy phy-ff770000.syscon:usb2-phy@e450.7: Looking up phy-supply from device tree
phy phy-ff770000.syscon:usb2-phy@e450.7: Looking up phy-supply property in node /syscon@ff770000/usb2-phy@e450/otg-port failed
phy phy-ff770000.syscon:usb2-phy@e450.7: Looking up vbus-supply from device tree
phy phy-ff770000.syscon:usb2-phy@e450.7: Looking up vbus-supply property in node /syscon@ff770000/usb2-phy@e450/otg-port failed
phy phy-ff770000.syscon:usb2-phy@e450.7: Failed to get VBUS supply regulator
phy phy-ff7c0000.phy.8: Looking up phy-supply from device tree
phy phy-ff7c0000.phy.8: Looking up phy-supply property in node /phy@ff7c0000/dp-port failed
phy phy-ff7c0000.phy.9: Looking up phy-supply from device tree
phy phy-ff7c0000.phy.9: Looking up phy-supply property in node /phy@ff7c0000/usb3-port failed
rockchip-drm display-subsystem: defer getting devfreq
rockchip-vop ff900000.vop: missing rockchip,grf property
[drm] no mcu-timing node found in /vop@ff900000
rockchip-drm display-subsystem: bound ff900000.vop (ops 0xffffff8008cf31b8)
rockchip-vop ff8f0000.vop: missing rockchip,grf property
[drm] no mcu-timing node found in /vop@ff8f0000
rockchip-drm display-subsystem: bound ff8f0000.vop (ops 0xffffff8008cf31b8)
rockchip-dp ff970000.edp: Looking up vcc-supply from device tree
rockchip-dp ff970000.edp: Looking up vcc-supply property in node /edp@ff970000 failed
rockchip-dp ff970000.edp: Looking up vccio-supply from device tree
rockchip-dp ff970000.edp: Looking up vccio-supply property in node /edp@ff970000 failed
rockchip-dp ff970000.edp: failed to get vcc regulator: -19
rockchip-dp ff970000.edp: failed to get vccio regulator: -19
rockchip-dp ff970000.edp: no DP phy configured
of_get_named_gpiod_flags: can't parse 'hpd-gpios' property of node '/edp@ff970000[0]'
of_get_named_gpiod_flags: can't parse 'samsung,hpd-gpio' property of node '/edp@ff970000[0]'
rockchip-drm display-subsystem: bound ff970000.edp (ops 0xffffff8008cea738)
dwhdmi-rockchip ff940000.hdmi: Detected HDMI TX controller v2.11a with HDCP (DWC HDMI 2.0 TX PHY)
rockchip-drm display-subsystem: bound ff940000.hdmi (ops 0xffffff8008ce80a8)
i2c i2c-9: of_i2c: modalias failure on /dp@fec00000/ports
cdn-dp fec00000.dp: Direct firmware load for rockchip/dptx.bin failed with error -2
rockchip-drm display-subsystem: bound fec00000.dp (ops 0xffffff8008ce9060)
[drm] Supports vblank timestamp caching Rev 2 (21.10.2013).
[drm] No driver support for vblank timestamp query.
rockchip-drm display-subsystem: can't not find any loader display
rockchip-drm display-subsystem: failed to show loader logo
Freeing drm_logo memory: 2252K
mmc1: error -84 whilst initialising MMC card
rockchip-vop ff900000.vop: [drm:vop_crtc_enable] Update mode to 1920x1080p60, type: 14
rockchip-vop ff8f0000.vop: [drm:vop_crtc_enable] Update mode to 1920x1080p60, type: 11
rockchip-dp ff970000.edp: AUX CH command reply failed!
rockchip-dp ff970000.edp: AUX CH command reply failed!
rockchip-dp ff970000.edp: AUX CH command reply failed!
rockchip-dp ff970000.edp: Rx Max Link Rate is abnormal :ff !
rockchip-dp ff970000.edp: AUX CH command reply failed!
rockchip-dp ff970000.edp: AUX CH command reply failed!
rockchip-dp ff970000.edp: LT link start failed!
rockchip-dp ff970000.edp: eDP link training failed (-110)
rockchip-dp ff970000.edp: AUX CH command reply failed!
rockchip-dp ff970000.edp: AUX CH command reply failed!
rockchip-dp ff970000.edp: AUX CH command reply failed!
rockchip-dp ff970000.edp: Rx Max Link Rate is abnormal :ff !
rockchip-dp ff970000.edp: AUX CH command reply failed!
rockchip-dp ff970000.edp: LT link start failed!
rockchip-dp ff970000.edp: eDP link training failed (-121)
rockchip-dp ff970000.edp: AUX CH command reply failed!
rockchip-dp ff970000.edp: AUX CH command reply failed!
rockchip-dp ff970000.edp: AUX CH command reply failed!
rockchip-dp ff970000.edp: Rx Max Link Rate is abnormal :ff !
rockchip-dp ff970000.edp: AUX CH command reply failed!
rockchip-dp ff970000.edp: AUX CH command reply failed!
rockchip-dp ff970000.edp: LT link start failed!
rockchip-dp ff970000.edp: eDP link training failed (-110)
rockchip-dp ff970000.edp: AUX CH command reply failed!
rockchip-dp ff970000.edp: AUX CH command reply failed!
rockchip-dp ff970000.edp: AUX CH command reply failed!
rockchip-dp ff970000.edp: Rx Max Link Rate is abnormal :ff !
rockchip-dp ff970000.edp: AUX CH command reply failed!
rockchip-dp ff970000.edp: LT link start failed!
rockchip-dp ff970000.edp: eDP link training failed (-121)
rockchip-dp ff970000.edp: AUX CH command reply failed!
usb 2-1: new full-speed USB device number 2 using ohci-platform
rockchip-dp ff970000.edp: AUX CH command reply failed!
rockchip-dp ff970000.edp: AUX CH command reply failed!
rockchip-dp ff970000.edp: Rx Max Link Rate is abnormal :ff !
rockchip-dp ff970000.edp: AUX CH command reply failed!
rockchip-dp ff970000.edp: AUX CH command reply failed!
rockchip-dp ff970000.edp: LT link start failed!
rockchip-dp ff970000.edp: eDP link training failed (-110)
rockchip-dp ff970000.edp: unable to do link train
mmc1: error -84 whilst initialising MMC card
dwmmc_rockchip fe320000.dwmmc: Successfully tuned phase to 216
mmc0: new ultra high speed SDR104 SDHC card at address 0001
mmcblk0: mmc0:0001 00000 14.9 GiB 
 mmcblk0: p1
Console: switching to colour frame buffer device 240x67
usb 2-1: New USB device found, idVendor=046d, idProduct=c52b
usb 2-1: New USB device strings: Mfr=1, Product=2, SerialNumber=0
usb 2-1: Product: USB Receiver
usb 2-1: Manufacturer: Logitech
input: Logitech USB Receiver as /devices/platform/fe3e0000.usb/usb2/2-1/2-1:1.0/0003:046D:C52B.0001/input/input0
rockchip-drm display-subsystem: fb0:  frame buffer device
mali ff9a0000.gpu: Looking up mali-supply from device tree
mali ff9a0000.gpu: leakage=21
mali ff9a0000.gpu: Looking up mali-supply from device tree
vdd_gpu: could not add device link ff9a0000.gpu err -17
vdd_gpu: Failed to create debugfs directory
mali ff9a0000.gpu: GPU identified as 0x0860 r2p0 status 0
mali ff9a0000.gpu: l=0 h=2147483647 hyst=5000 l_limit=0 h_limit=0
I : [File] : drivers/gpu/arm/midgard/backend/gpu/mali_kbase_devfreq.c; [Line] : 307; [Func] : kbase_devfreq_init(); success initing power_model_simple.
mali ff9a0000.gpu: Probed as mali0
xhci-hcd xhci-hcd.10.auto: xHCI Host Controller
xhci-hcd xhci-hcd.10.auto: new USB bus registered, assigned bus number 3
xhci-hcd xhci-hcd.10.auto: hcc params 0x0220fe64 hci version 0x110 quirks 0x02030010
xhci-hcd xhci-hcd.10.auto: irq 232, io mem 0xfe800000
usb usb3: New USB device found, idVendor=1d6b, idProduct=0002
usb usb3: New USB device strings: Mfr=3, Product=2, SerialNumber=1
usb usb3: Product: xHCI Host Controller
usb usb3: Manufacturer: Linux 4.4.143 xhci-hcd
usb usb3: SerialNumber: xhci-hcd.10.auto
hid-generic 0003:046D:C52B.0001: input,hidraw0: USB HID v1.11 Keyboard [Logitech USB Receiver] on usb-fe3e0000.usb-1/input0
hub 3-0:1.0: USB hub found
hub 3-0:1.0: 1 port detected
xhci-hcd xhci-hcd.10.auto: xHCI Host Controller
xhci-hcd xhci-hcd.10.auto: new USB bus registered, assigned bus number 4
usb usb4: We don't know the algorithms for LPM for this host, disabling LPM.
usb usb4: New USB device found, idVendor=1d6b, idProduct=0003
usb usb4: New USB device strings: Mfr=3, Product=2, SerialNumber=1
usb usb4: Product: xHCI Host Controller
usb usb4: Manufacturer: Linux 4.4.143 xhci-hcd
usb usb4: SerialNumber: xhci-hcd.10.auto
hub 4-0:1.0: USB hub found
hub 4-0:1.0: 1 port detected
xhci-hcd xhci-hcd.10.auto: remove, state 1
usb usb4: USB disconnect, device number 1
input: Logitech USB Receiver as /devices/platform/fe3e0000.usb/usb2/2-1/2-1:1.1/0003:046D:C52B.0002/input/input1
xhci-hcd xhci-hcd.10.auto: Host not halted after 16000 microseconds.
xhci-hcd xhci-hcd.10.auto: Host controller not halted, aborting reset.
xhci-hcd xhci-hcd.10.auto: USB bus 4 deregistered
xhci-hcd xhci-hcd.10.auto: remove, state 1
usb usb3: USB disconnect, device number 1
xhci-hcd xhci-hcd.10.auto: USB bus 3 deregistered
xhci-hcd xhci-hcd.11.auto: xHCI Host Controller
xhci-hcd xhci-hcd.11.auto: new USB bus registered, assigned bus number 3
xhci-hcd xhci-hcd.11.auto: hcc params 0x0220fe64 hci version 0x110 quirks 0x02030010
xhci-hcd xhci-hcd.11.auto: irq 233, io mem 0xfe900000
usb usb3: New USB device found, idVendor=1d6b, idProduct=0002
usb usb3: New USB device strings: Mfr=3, Product=2, SerialNumber=1
usb usb3: Product: xHCI Host Controller
usb usb3: Manufacturer: Linux 4.4.143 xhci-hcd
usb usb3: SerialNumber: xhci-hcd.11.auto
hub 3-0:1.0: USB hub found
hub 3-0:1.0: 1 port detected
xhci-hcd xhci-hcd.11.auto: xHCI Host Controller
xhci-hcd xhci-hcd.11.auto: new USB bus registered, assigned bus number 4
usb usb4: We don't know the algorithms for LPM for this host, disabling LPM.
usb usb4: New USB device found, idVendor=1d6b, idProduct=0003
usb usb4: New USB device strings: Mfr=3, Product=2, SerialNumber=1
usb usb4: Product: xHCI Host Controller
usb usb4: Manufacturer: Linux 4.4.143 xhci-hcd
usb usb4: SerialNumber: xhci-hcd.11.auto
hub 4-0:1.0: USB hub found
hub 4-0:1.0: 1 port detected
ehci-platform fe380000.usb: EHCI Host Controller
ehci-platform fe380000.usb: new USB bus registered, assigned bus number 5
ehci-platform fe380000.usb: irq 28, io mem 0xfe380000
hid-generic 0003:046D:C52B.0002: input,hiddev0,hidraw1: USB HID v1.11 Mouse [Logitech USB Receiver] on usb-fe3e0000.usb-1/input1
hid-generic 0003:046D:C52B.0003: hiddev0,hidraw2: USB HID v1.11 Device [Logitech USB Receiver] on usb-fe3e0000.usb-1/input2
ehci-platform fe380000.usb: USB 2.0 started, EHCI 1.00
usb usb5: New USB device found, idVendor=1d6b, idProduct=0002
usb usb5: New USB device strings: Mfr=3, Product=2, SerialNumber=1
usb usb5: Product: EHCI Host Controller
usb usb5: Manufacturer: Linux 4.4.143 ehci_hcd
usb usb5: SerialNumber: fe380000.usb
hub 5-0:1.0: USB hub found
hub 5-0:1.0: 1 port detected
ohci-platform fe3a0000.usb: Generic Platform OHCI controller
ohci-platform fe3a0000.usb: new USB bus registered, assigned bus number 6
ohci-platform fe3a0000.usb: irq 29, io mem 0xfe3a0000
usb usb6: New USB device found, idVendor=1d6b, idProduct=0001
usb usb6: New USB device strings: Mfr=3, Product=2, SerialNumber=1
usb usb6: Product: Generic Platform OHCI controller
usb usb6: Manufacturer: Linux 4.4.143 ohci_hcd
usb usb6: SerialNumber: fe3a0000.usb
hub 6-0:1.0: USB hub found
hub 6-0:1.0: 1 port detected
input: adc-keys as /devices/platform/adc-keys/input/input2
dwmmc_rockchip fe310000.dwmmc: IDMAC supports 32-bit address mode.
dwmmc_rockchip fe310000.dwmmc: Using internal DMA controller.
dwmmc_rockchip fe310000.dwmmc: Version ID is 270a
dwmmc_rockchip fe310000.dwmmc: DW MMC controller at irq 25,32 bit host data width,256 deep fifo
dwmmc_rockchip fe310000.dwmmc: 'clock-freq-min-max' property was deprecated.
dwmmc_rockchip fe310000.dwmmc: Looking up vmmc-supply from device tree
dwmmc_rockchip fe310000.dwmmc: Looking up vmmc-supply property in node /dwmmc@fe310000 failed
dwmmc_rockchip fe310000.dwmmc: Looking up vqmmc-supply from device tree
dwmmc_rockchip fe310000.dwmmc: Looking up vqmmc-supply property in node /dwmmc@fe310000 failed
dwmmc_rockchip fe310000.dwmmc: No vmmc regulator found
dwmmc_rockchip fe310000.dwmmc: No vqmmc regulator found
dwmmc_rockchip fe310000.dwmmc: GPIO lookup for consumer wp
dwmmc_rockchip fe310000.dwmmc: using device tree for GPIO lookup
of_get_named_gpiod_flags: can't parse 'wp-gpios' property of node '/dwmmc@fe310000[0]'
of_get_named_gpiod_flags: can't parse 'wp-gpio' property of node '/dwmmc@fe310000[0]'
dwmmc_rockchip fe310000.dwmmc: using lookup tables for GPIO lookup
dwmmc_rockchip fe310000.dwmmc: lookup for GPIO wp failed
platform sdio-pwrseq: GPIO lookup for consumer reset
platform sdio-pwrseq: using device tree for GPIO lookup
of_get_named_gpiod_flags: parsed 'reset-gpios' property of node '/sdio-pwrseq[0]' - status (0)
dwmmc_rockchip fe310000.dwmmc: allocated mmc-pwrseq
mmc_host mmc2: Bus speed (slot 0) = 400000Hz (slot req 400000Hz, actual 400000HZ div = 0)
dwmmc_rockchip fe310000.dwmmc: 1 slots initialized
rockchip-dmc dmc: Looking up center-supply from device tree
rockchip-dmc dmc: Failed to get leakage
rockchip-dmc dmc: Looking up center-supply from device tree
vdd_center: could not add device link dmc err -17
vdd_center: Failed to create debugfs directory
rockchip-dmc dmc: Failed to get pvtm
rockchip-dmc dmc: could not find power_model node
devfreq dmc: Couldn't update frequency transition information.
of_get_named_gpiod_flags: parsed 'simple-audio-card,hp-det-gpio' property of node '/rt5651-sound[0]' - status (0)
of_get_named_gpiod_flags: can't parse 'simple-audio-card,mic-det-gpio' property of node '/rt5651-sound[0]'
asoc-simple-card rt5651-sound: ASoC: DAPM unknown pin Headphones
asoc-simple-card rt5651-sound: rt5651-aif1 <-> ff880000.i2s mapping ok
asoc-simple-card rt5651-sound: ASoC: no source widget found for MICBIAS1
asoc-simple-card rt5651-sound: ASoC: Failed to add route MICBIAS1 -> direct -> Mic Jack
rt5651 1-001a: ASoC: mux INL1 Mux has no paths
rt5651 1-001a: ASoC: mux INR1 Mux has no paths
rt5651 1-001a: ASoC: mux INL2 Mux has no paths
rt5651 1-001a: ASoC: mux INR2 Mux has no paths
input: realtek,rt5651-codec Headphones as /devices/platform/rt5651-sound/sound/card0/input3
mmc2: queuing unknown CIS tuple 0x80 (2 bytes)
mmc2: queuing unknown CIS tuple 0x80 (3 bytes)
of_get_named_gpiod_flags: can't parse 'simple-audio-card,hp-det-gpio' property of node '/hdmi-sound[0]'
of_get_named_gpiod_flags: can't parse 'simple-audio-card,mic-det-gpio' property of node '/hdmi-sound[0]'
asoc-simple-card hdmi-sound: i2s-hifi <-> ff8a0000.i2s mapping ok
mmc2: queuing unknown CIS tuple 0x80 (3 bytes)
of_get_named_gpiod_flags: can't parse 'simple-audio-card,hp-det-gpio' property of node '/spdif-sound[0]'
of_get_named_gpiod_flags: can't parse 'simple-audio-card,mic-det-gpio' property of node '/spdif-sound[0]'
mmc2: queuing unknown CIS tuple 0x80 (7 bytes)
asoc-simple-card spdif-sound: dit-hifi <-> ff870000.spdif mapping ok
of_get_named_gpiod_flags: parsed 'gpios' property of node '/gpio-keys/button@0[0]' - status (0)
gpio-5 (GPIO Key Power): gpiod_set_debounce: missing set() or set_debounce() operations
input: gpio-keys as /devices/platform/gpio-keys/input/input4
dhd_module_init: in Dongle Host Driver, version 1.579.77.41.2 (r)
======== dhd_wlan_init_plat_data ========
dhd_wlan_init_gpio: GPIO(WL_REG_ON) = -1
dhd_wlan_init_gpio: GPIO(WL_HOST_WAKE) = -1
[WLAN_RFKILL]: rockchip_wifi_get_oob_irq: Enter
dhd_wlan_init_gpio: host_oob_irq: 73
dhd_wlan_init_gpio: host_oob_irq_flags=0x414
dhd_wifi_platform_load: Enter
Power-up adapter 'DHD generic adapter'
wifi_platform_set_power = 1
======== PULL WL_REG_ON(-1) HIGH! ========
[WLAN_RFKILL]: rockchip_wifi_power: 1
[WLAN_RFKILL]: wifi turn on power. -1
mmc_host mmc2: Bus speed (slot 0) = 150000000Hz (slot req 150000000Hz, actual 150000000HZ div = 0)
rk808-rtc rk808-rtc: setting system clock to 2013-01-18 08:50:10 UTC (1358499010)
asoc-simple-card rt5651-sound: ASoC: DAPM unknown pin Headphones
ALSA device list:
  #0: realtek,rt5651-codec
  #1: rockchip,hdmi
  #2: ROCKCHIP,SPDIF
Freeing unused kernel memory: 1152K
random: systemd-udevd: uninitialized urandom read (16 bytes read, 41 bits of entropy available)
random: systemd-udevd: uninitialized urandom read (16 bytes read, 41 bits of entropy available)
random: systemd-udevd: uninitialized urandom read (16 bytes read, 41 bits of entropy available)
random: systemd-udevd: uninitialized urandom read (16 bytes read, 41 bits of entropy available)
random: udevadm: uninitialized urandom read (16 bytes read, 41 bits of entropy available)
random: udevadm: uninitialized urandom read (16 bytes read, 41 bits of entropy available)
random: udevadm: uninitialized urandom read (16 bytes read, 41 bits of entropy available)
random: udevadm: uninitialized urandom read (16 bytes read, 41 bits of entropy available)
random: udevadm: uninitialized urandom read (16 bytes read, 41 bits of entropy available)
random: udevadm: uninitialized urandom read (16 bytes read, 41 bits of entropy available)
cdn-dp fec00000.dp: Direct firmware load for rockchip/dptx.bin failed with error -2
dwmmc_rockchip fe310000.dwmmc: Successfully tuned phase to 196
mmc2: queuing unknown CIS tuple 0x91 (3 bytes)
mmc2: new ultra high speed SDR104 SDIO card at address 0001
wifi_platform_bus_enumerate device present 1
======== Card detection to detect SDIO card! ========
mmc2:mmc host rescan start!
bcmsdh_register: register client driver
bcmsdh_sdmmc_probe: Enter num=1
bcmsdh_sdmmc_probe: Enter num=2
bus num (host idx)=2, slot num (rca)=1
found adapter info 'DHD generic adapter'
sdioh_attach: set sd_f2_blocksize 256
sdioh_attach: sd clock rate = 0
F1 signature read @0x18000000=0x17224356
F1 signature OK, socitype:0x1 chip:0x4354 rev:0x2 pkg:0x2
DHD: dongle ram size is set to 786432(orig 786432) at 0x180000
dhd_conf_set_chiprev: chip=0x4354, chiprev=2
CFG80211-ERROR) wl_setup_wiphy : Registering Vendor80211
CFG80211-ERROR) wl_init_prof : wl_init_prof: No profile
wl_escan_attach: Enter
wl_escan_init: Enter
wl_create_event_handler(): thread:wl_escan_handler:bb started
tsk Enter, tsk = 0xffffffc0ef9501b0
dhd_attach(): thread:dhd_watchdog_thread:bd started
dhd_attach(): thread:dhd_dpc:be started
dhd_attach(): thread:dhd_rxf:c0 started
dhd_deferred_work_init: work queue initialized
dhd_bus_set_default_min_res_mask: Unhandled chip id
sdioh_cis_read: func_cis_ptr[0]=0x10ac
Dongle Host Driver, version 1.579.77.41.2 (r)
Register interface [wlan0]  MAC: cc:4b:73:5a:3f:d4

dhd_wl_ioctl: returning as busstate=0
dhd_dbg_detach_pkt_monitor, 2204
dhd_bus_devreset: == Power OFF ==
bcmsdh_oob_intr_unregister: Enter
bcmsdh_oob_intr_unregister: irq is not registered
dhd_txglom_enable: enable 0
dhd_conf_set_txglom_params: txglomsize=0, deferred_tx_len=0, bus_txglom=-1
dhd_conf_set_txglom_params: tx_in_rx=1, txinrx_thres=128, dhd_txminmax=-1
dhd_conf_set_txglom_params: tx_max_offset=0, txctl_tmo_fix=5
sdioh_set_mode: set txglom_mode to copy
dhd_bus_devreset:  WLAN OFF DONE
wifi_platform_set_power = 0
======== PULL WL_REG_ON(-1) LOW! ========
[WLAN_RFKILL]: rockchip_wifi_power: 0
[WLAN_RFKILL]: wifi shut off power.
dhd_module_init: Exit err=0
random: nonblocking pool is initialized
EXT4-fs (mmcblk0p1): mounted filesystem with ordered data mode. Opts: (null)
EXT4-fs (mmcblk0p1): re-mounted. Opts: data=ordered
systemd[1]: System time before build time, advancing clock.
vendor storage:20160801 ret = -1
cgroup: cgroup2: unknown option "nsdelegate"
systemd[1]: systemd 237 running in system mode. (+PAM +AUDIT +SELINUX +IMA +APPARMOR +SMACK +SYSVINIT +UTMP +LIBCRYPTSETUP +GCRYPT +GNUTLS +ACL +XZ +LZ4 +SECCOMP +BLKID +ELFUTILS +KMOD -IDN2 +IDN -PCRE2 default-hierarchy=hybrid)
systemd[1]: Detected architecture arm64.
systemd[1]: Set hostname to <NanoPC-T4>.
cdn-dp fec00000.dp: [drm:cdn_dp_pd_event_work] Not connected. Disabling cdn
systemd[1]: File /lib/systemd/system/systemd-udevd.service:34 configures an IP firewall (IPAddressDeny=any), but the local system does not support BPF/cgroup based firewalling.
systemd[1]: Proceeding WITHOUT firewalling in effect! (This warning is only shown for the first loaded unit using IP firewalling.)
systemd[1]: /lib/systemd/system/rc-local.service:23: Support for option SysVStartPriority= has been removed and it is ignored
systemd[1]: Reached target Remote File Systems.
systemd[1]: Started Forward Password Requests to Wall Directory Watch.
systemd[1]: Created slice System Slice.
systemd[1]: Listening on udev Kernel Socket.
systemd[1]: Listening on Journal Socket.
systemd[1]: Starting Set the console keyboard layout...
systemd[1]: Mounting Huge Pages File System...
systemd[1]: Listening on /dev/initctl Compatibility Named Pipe.
systemd[1]: Starting Load Kernel Modules...
systemd[1]: Listening on udev Control Socket.
systemd[1]: Starting udev Coldplug all Devices...
systemd[1]: Reached target Swap.
systemd[1]: Created slice User and Session Slice.
systemd[1]: Reached target User and Group Name Lookups.
systemd[1]: Mounting POSIX Message Queue File System...
systemd[1]: Starting Remount Root and Kernel File Systems...
systemd[1]: Mounting Kernel Debug File System...
systemd[1]: Reached target Slices.
systemd[1]: Created slice system-serial\x2dgetty.slice.
systemd[1]: Starting Create list of required static device nodes for the current kernel...
systemd[1]: Listening on Journal Socket (/dev/log).
systemd[1]: Starting Journal Service...
systemd[1]: Mounted Huge Pages File System.
systemd[1]: systemd-modules-load.service: Main process exited, code=exited, status=1/FAILURE
systemd[1]: systemd-modules-load.service: Failed with result 'exit-code'.
systemd[1]: Failed to start Load Kernel Modules.
systemd[1]: Mounted POSIX Message Queue File System.
systemd[1]: Started Remount Root and Kernel File Systems.
systemd[1]: Mounted Kernel Debug File System.
systemd[1]: Started Create list of required static device nodes for the current kernel.
systemd[1]: Starting Create Static Device Nodes in /dev...
systemd[1]: Starting Load/Save Random Seed...
systemd[1]: Starting Apply Kernel Variables...
systemd[1]: Mounting Kernel Configuration File System...
systemd[1]: Mounting FUSE Control File System...
systemd[1]: Mounted Kernel Configuration File System.
systemd[1]: Mounted FUSE Control File System.
systemd[1]: Started Load/Save Random Seed.
systemd[1]: Started Apply Kernel Variables.
systemd[1]: Started Create Static Device Nodes in /dev.
systemd[1]: Starting udev Kernel Device Manager...
systemd[1]: Started Journal Service.
systemd-journald[259]: Received request to flush runtime journal from PID 1
systemd-journald[259]: File /var/log/journal/aac3ac07e4df97b8e52f39c0577cda62/system.journal corrupted or uncleanly shut down, renaming and replacing.
[BT_RFKILL]: rfkill_rk_set_power: set bt wake_host pin output high!
[BT_RFKILL]: ENABLE UART_RTS
[BT_RFKILL]: DISABLE UART_RTS
[BT_RFKILL]: bt turn on power
cfg80211: World regulatory domain updated:
cfg80211:  DFS Master region: unset
cfg80211:   (start_freq - end_freq @ bandwidth), (max_antenna_gain, max_eirp), (dfs_cac_time)
cfg80211:   (2402000 KHz - 2472000 KHz @ 40000 KHz), (N/A, 2000 mBm), (N/A)
cfg80211:   (2457000 KHz - 2482000 KHz @ 20000 KHz, 92000 KHz AUTO), (N/A, 2000 mBm), (N/A)
cfg80211:   (2474000 KHz - 2494000 KHz @ 20000 KHz), (N/A, 2000 mBm), (N/A)
cfg80211:   (5170000 KHz - 5250000 KHz @ 80000 KHz, 160000 KHz AUTO), (N/A, 2000 mBm), (N/A)
cfg80211:   (5250000 KHz - 5330000 KHz @ 80000 KHz, 160000 KHz AUTO), (N/A, 2000 mBm), (0 s)
cfg80211:   (5490000 KHz - 5730000 KHz @ 160000 KHz), (N/A, 2000 mBm), (0 s)
cfg80211:   (5735000 KHz - 5835000 KHz @ 80000 KHz), (N/A, 2000 mBm), (N/A)
cfg80211:   (57240000 KHz - 63720000 KHz @ 2160000 KHz), (N/A, 0 mBm), (N/A)
IPv6: ADDRCONF(NETDEV_UP): eth0: link is not ready
IPv6: ADDRCONF(NETDEV_UP): wlan0: link is not ready
dhd_open: Enter ffffffc0f046b000

               Dongle Host Driver, version 1.579.77.41.2 (r)
wl_android_wifi_on in 1
wl_android_wifi_on in 2: g_wifi_on=0
wifi_platform_set_power = 1
======== PULL WL_REG_ON(-1) HIGH! ========
[WLAN_RFKILL]: rockchip_wifi_power: 1
[WLAN_RFKILL]: wifi turn on power. -1
sdio_reset_comm():
mmc_host mmc2: Bus speed (slot 0) = 400000Hz (slot req 400000Hz, actual 400000HZ div = 0)
mmc_host mmc2: Bus speed (slot 0) = 200000Hz (slot req 200000Hz, actual 200000HZ div = 0)
rockchip-vop ff900000.vop: [drm:vop_crtc_enable] Update mode to 1920x1080p60, type: 11
mmc2: queuing unknown CIS tuple 0x80 (2 bytes)
mmc2: queuing unknown CIS tuple 0x80 (3 bytes)
mmc2: queuing unknown CIS tuple 0x80 (3 bytes)
mmc2: queuing unknown CIS tuple 0x80 (7 bytes)
mmc_host mmc2: Bus speed (slot 0) = 150000000Hz (slot req 150000000Hz, actual 150000000HZ div = 0)
dwmmc_rockchip fe310000.dwmmc: Successfully tuned phase to 196
sdioh_start: set sd_f2_blocksize 256

               
               dhd_bus_devreset: == WLAN ON ==
F1 signature read @0x18000000=0x17224356
F1 signature OK, socitype:0x1 chip:0x4354 rev:0x2 pkg:0x2
DHD: dongle ram size is set to 786432(orig 786432) at 0x180000
dhd_bus_set_default_min_res_mask: Unhandled chip id
dhd_os_open_image: /system/etc/firmware/config.txt (204 bytes) open success
dhd_conf_read_others: ccode = ALL
dhd_conf_read_others: regrev = 0
dhd_conf_read_sdio_params: dhd_doflow = 1
dhd_conf_read_others: srl = 15
dhd_conf_read_others: lrl = 15
Final fw_path=/system/etc/firmware/fw_bcm4356a2_ag.bin
Final nv_path=/system/etc/firmware/nvram_ap6356.txt
Final clm_path=/system/etc/firmware/clm_bcmdhd.blob
Final conf_path=/system/etc/firmware/config.txt
dhd_set_bus_params: set use_rxchain 0
dhd_set_bus_params: set txinrx_thres 128
dhd_set_bus_params: set txglomsize 36
dhd_os_open_image: /system/etc/firmware/fw_bcm4356a2_ag.bin (555412 bytes) open success
dhd_os_open_image: /system/etc/firmware/nvram_ap6356.txt (4006 bytes) open success
NVRAM version: AP6356_NVRAM_V1.1_20141015
dhdsdio_write_vars: Download, Upload and compare of NVRAM succeeded.
dhd_bus_init: enable 0x06, ready 0x06 (waited 0us)
bcmsdh_oob_intr_register HW_OOB irq=73 flags=0x4
dhd_get_memdump_info: File [/data/misc/wifi/.memdump.info] doesn't exist
dhd_get_memdump_info: MEMDUMP ENABLED = 2
Disable tdls_auto_op failed. -1
dhd_preinit_ioctls: Set tcpack_sup_mode 1
dhd_apply_default_clm: Ignore clm file /system/etc/firmware/clm_bcmdhd.blob
Firmware up: op_mode=0x0005, MAC=cc:4b:73:5a:3f:d4
dhd_conf_set_country: set country ALL, revision 0
CONFIG-ERROR) dhd_conf_set_bufiovar: country setting failed -2
Country code: US (US/0)
dhd_conf_set_intiovar: set roam_off 1
dhd_conf_set_intiovar: set WLC_SET_SRL 32 15
dhd_conf_set_intiovar: set WLC_SET_LRL 34 15
dhd_conf_set_intiovar: set txbf 1
dhd_preinit_ioctls Set scancache failed -23
dhd_conf_set_intiovar: set WLC_SET_FAKEFRAG 219 1
  Driver: 1.579.77.41.2 (r)
                 Firmware: wl0: Jun 16 2015 14:25:06 version 7.35.184.r1 (TOB) (r559293) FWID 01-b22ae69c
                 CLM: 7.10.16 
dhd_txglom_enable: enable 1
dhd_conf_set_txglom_params: txglomsize=36, deferred_tx_len=36, bus_txglom=-1
dhd_conf_set_txglom_params: tx_in_rx=1, txinrx_thres=128, dhd_txminmax=-1
dhd_conf_set_txglom_params: tx_max_offset=0, txctl_tmo_fix=5
sdioh_set_mode: set txglom_mode to copy
dhd_conf_get_disable_proptx: fw_proptx=1, disable_proptx=-1
dhd_wlfc_hostreorder_init(): successful bdcv2 tlv signaling, 64
dhd_conf_set_intiovar: set ampdu_hostreorder 1
dhd_pno_init: Support Android Location Service
dhd_wlfc_enable: ret=0
CFG80211-ERROR) wl_cfg80211_event : Event handler is not created
CFG80211-ERROR) wl_cfg80211_event : Event handler is not created
CFG80211-ERROR) wl_cfg80211_event : Event handler is not created
rtt_do_get_ioctl: failed to send getbuf proxd iovar (CMD ID : 1), status=-23
dhd_rtt_init : FTM is not supported
dhd_preinit_ioctls: SensorHub diabled 0
dhd_preinit_ioctls failed to set ShubHub disable
dhd_ndo_get_version: failed, retcode = -23
dhd_wl_ioctl_get_intiovar: get int iovar wnm_bsstrans_resp failed, ERR -23
failed to get wnm_bsstrans_resp
failed to set WNM capabilities
wl_android_wifi_on: Success
dhd_open: Exit ret=0
P2P interface registered
wl_cfgp2p_add_p2p_disc_if: wdev: ffffffc0ef82a800, wdev->net:           (null)
WLC_E_IF: NO_IF set, event Ignored
P2P interface started
[drm] unsupported connector property: hdmi_color_depth_capacity
Connecting with 38:10:d5:f9:d7:3d ssid "skynet5", len (7) channel=36

dhd_dbg_start_pkt_monitor, 1724
wl_iw_event: Link UP with BSSID=38:10:d5:f9:d7:3d
wl_bss_connect_done succeeded with 38:10:d5:f9:d7:3d 
cfg80211: Regulatory domain changed to country: DE
cfg80211:  DFS Master region: ETSI
cfg80211:   (start_freq - end_freq @ bandwidth), (max_antenna_gain, max_eirp), (dfs_cac_time)
cfg80211:   (2400000 KHz - 2483500 KHz @ 40000 KHz), (N/A, 2000 mBm), (N/A)
cfg80211:   (5150000 KHz - 5250000 KHz @ 80000 KHz, 200000 KHz AUTO), (N/A, 2000 mBm), (N/A)
cfg80211:   (5250000 KHz - 5350000 KHz @ 80000 KHz, 200000 KHz AUTO), (N/A, 2000 mBm), (0 s)
cfg80211:   (5470000 KHz - 5725000 KHz @ 160000 KHz), (N/A, 2698 mBm), (0 s)
cfg80211:   (5725000 KHz - 5875000 KHz @ 80000 KHz), (N/A, 1397 mBm), (N/A)
cfg80211:   (57000000 KHz - 66000000 KHz @ 2160000 KHz), (N/A, 4000 mBm), (N/A)
wl_bss_connect_done succeeded with 38:10:d5:f9:d7:3d vndr_oui: 8C-FD-F0 
[BT_RFKILL]: rfkill_rk_set_power: set bt wake_host pin output high!
[BT_RFKILL]: ENABLE UART_RTS
[BT_RFKILL]: DISABLE UART_RTS
[BT_RFKILL]: bt turn on power
ttyS0 - failed to request DMA, use interrupt mode
tty_port_close_start: tty->count = 1 port count = 2.
Error getting the SSID
Error getting the SSID
Error getting the SSID
Error getting the SSID
Error getting the SSID
Error getting the SSID
Error getting the SSID
hrtimer: interrupt took 680744 ns
dwmmc_rockchip fe310000.dwmmc: Unexpected interrupt latency
dwmmc_rockchip fe320000.dwmmc: Unexpected interrupt latency
dwmmc_rockchip fe320000.dwmmc: Unexpected interrupt latency
dwmmc_rockchip fe320000.dwmmc: Unexpected interrupt latency
dwmmc_rockchip fe320000.dwmmc: Unexpected interrupt latency
dwmmc_rockchip fe320000.dwmmc: Unexpected interrupt latency
dwmmc_rockchip fe320000.dwmmc: Unexpected interrupt latency
dwmmc_rockchip fe320000.dwmmc: Unexpected interrupt latency
dwmmc_rockchip fe320000.dwmmc: Unexpected interrupt latency
dwmmc_rockchip fe320000.dwmmc: Unexpected interrupt latency
dwmmc_rockchip fe310000.dwmmc: Successfully tuned phase to 199
dwmmc_rockchip fe310000.dwmmc: Successfully tuned phase to 198
Error getting the SSID
Error getting the SSID
Error getting the SSID
Error getting the SSID
Error getting the SSID
Error getting the SSID
Error getting the SSID
dwmmc_rockchip fe310000.dwmmc: Successfully tuned phase to 199
dwmmc_rockchip fe310000.dwmmc: Successfully tuned phase to 200
dwmmc_rockchip fe310000.dwmmc: Successfully tuned phase to 211
dwmmc_rockchip fe310000.dwmmc: Successfully tuned phase to 199
dwmmc_rockchip fe320000.dwmmc: Unexpected interrupt latency
dwmmc_rockchip fe310000.dwmmc: Successfully tuned phase to 198
dwmmc_rockchip fe310000.dwmmc: Successfully tuned phase to 199
dwmmc_rockchip fe310000.dwmmc: Successfully tuned phase to 198
dwmmc_rockchip fe310000.dwmmc: Unexpected interrupt latency
dwmmc_rockchip fe310000.dwmmc: Unexpected interrupt latency
systemd[1]: systemd 237 running in system mode. (+PAM +AUDIT +SELINUX +IMA +APPARMOR +SMACK +SYSVINIT +UTMP +LIBCRYPTSETUP +GCRYPT +GNUTLS +ACL +XZ +LZ4 +SECCOMP +BLKID +ELFUTILS +KMOD -IDN2 +IDN -PCRE2 default-hierarchy=hybrid)
systemd[1]: Detected architecture arm64.
systemd[1]: File /lib/systemd/system/systemd-journald.service:36 configures an IP firewall (IPAddressDeny=any), but the local system does not support BPF/cgroup based firewalling.
systemd[1]: Proceeding WITHOUT firewalling in effect! (This warning is only shown for the first loaded unit using IP firewalling.)
systemd[1]: Stopping Network Name Resolution...
systemd[1]: Stopped Network Name Resolution.
systemd[1]: Starting Network Name Resolution...
systemd[1]: Started Network Name Resolution.
systemd[1]: Stopping Network Time Synchronization...
systemd[1]: Stopped Network Time Synchronization.
systemd[1]: Starting Network Time Synchronization...
systemd[1]: Started Network Time Synchronization.
systemd[1]: systemd-journald.service: Main process exited, code=dumped, status=6/ABRT
systemd[1]: systemd-journald.service: Failed with result 'watchdog'.
systemd[1]: systemd-journald.service: Service has no hold-off time, scheduling restart.
systemd[1]: systemd-journald.service: Scheduled restart job, restart counter is at 1.
systemd[1]: Stopped Flush Journal to Persistent Storage.
systemd[1]: Stopping Flush Journal to Persistent Storage...
systemd[1]: Stopped Journal Service.
systemd[1]: Starting Journal Service...
systemd-journald[16411]: File /var/log/journal/aac3ac07e4df97b8e52f39c0577cda62/system.journal corrupted or uncleanly shut down, renaming and replacing.
systemd[1]: Started Journal Service.
systemd-journald[16411]: File /var/log/journal/aac3ac07e4df97b8e52f39c0577cda62/user-1000.journal corrupted or uncleanly shut down, renaming and replacing.
dwmmc_rockchip fe310000.dwmmc: Successfully tuned phase to 211
dwmmc_rockchip fe310000.dwmmc: Successfully tuned phase to 211
dwmmc_rockchip fe310000.dwmmc: Successfully tuned phase to 201
dwmmc_rockchip fe310000.dwmmc: Successfully tuned phase to 212
