MemTotal:        3950696 kB
MemFree:         1329012 kB
MemAvailable:    3495992 kB
Buffers:           11628 kB
Cached:          2137832 kB
SwapCached:            0 kB
Active:          1368528 kB
Inactive:        1027980 kB
Active(anon):     264252 kB
Inactive(anon):     1876 kB
Active(file):    1104276 kB
Inactive(file):  1026104 kB
Unevictable:           0 kB
Mlocked:               0 kB
SwapTotal:             0 kB
SwapFree:              0 kB
Dirty:               116 kB
Writeback:             0 kB
AnonPages:        247088 kB
Mapped:            49660 kB
Shmem:             19040 kB
Slab:             155608 kB
SReclaimable:     126712 kB
SUnreclaim:        28896 kB
KernelStack:        5424 kB
PageTables:         5424 kB
NFS_Unstable:          0 kB
Bounce:                0 kB
WritebackTmp:          0 kB
CommitLimit:     1975348 kB
Committed_AS:    1657500 kB
VmallocTotal:   258867136 kB
VmallocUsed:           0 kB
VmallocChunk:          0 kB
AnonHugePages:    114688 kB
HugePages_Total:       0
HugePages_Free:        0
HugePages_Rsvd:        0
HugePages_Surp:        0
Hugepagesize:       2048 kB
